******************************************************************************
             TMS320C2000 Linker PC v22.6.2                     
******************************************************************************
>> Linked Wed Sep 10 14:27:27 2025

OUTPUT FILE NAME:   <empty_driverlib_project.out>
ENTRY POINT SYMBOL: "code_start"  address: 00000000


MEMORY CONFIGURATION

         name            origin    length      used     unused   attr    fill
----------------------  --------  ---------  --------  --------  ----  --------
  BEGIN                 00000000   00000002  00000002  00000000  RWIX
  BOOT_RSVD             00000002   00000126  00000000  00000126  RWIX
  RAMM0                 00000128   000002d8  00000018  000002c0  RWIX
  RAMM1                 00000400   000003f8  00000200  000001f8  RWIX
  RAMLS4567             0000a000   00002000  00000bf8  00001408  RWIX
  RAMGS0                0000c000   000007f8  00000000  000007f8  RWIX
  FLASH_BANK0_SEC0      00080002   00000ffe  00000000  00000ffe  RWIX
  FLASH_BANK0_SEC1      00081000   00001000  00000000  00001000  RWIX
  FLASH_BANK0_SEC2      00082000   00001000  00000000  00001000  RWIX
  FLASH_BANK0_SEC3      00083000   00001000  00000000  00001000  RWIX
  FLASH_BANK0_SEC4      00084000   00001000  00000000  00001000  RWIX
  FLASH_BANK0_SEC5      00085000   00001000  00000000  00001000  RWIX
  FLASH_BANK0_SEC6      00086000   00001000  00000000  00001000  RWIX
  FLASH_BANK0_SEC7      00087000   00001000  00000000  00001000  RWIX
  FLASH_BANK0_SEC8      00088000   00001000  00000000  00001000  RWIX
  FLASH_BANK0_SEC9      00089000   00001000  00000000  00001000  RWIX
  FLASH_BANK0_SEC10     0008a000   00001000  00000000  00001000  RWIX
  FLASH_BANK0_SEC11     0008b000   00001000  00000000  00001000  RWIX
  FLASH_BANK0_SEC12     0008c000   00001000  00000000  00001000  RWIX
  FLASH_BANK0_SEC13     0008d000   00001000  00000000  00001000  RWIX
  FLASH_BANK0_SEC14     0008e000   00001000  00000000  00001000  RWIX
  FLASH_BANK0_SEC15     0008f000   00000ff8  00000000  00000ff8  RWIX
  BOOTROM               003f0000   00008000  00000000  00008000  RWIX
  BOOTROM_EXT           003f8000   00007fc0  00000000  00007fc0  RWIX
  RESET                 003fffc0   00000002  00000000  00000002  RWIX


SECTION ALLOCATION MAP

 output                                  attributes/
section   page    origin      length       input sections
--------  ----  ----------  ----------   ----------------
.TI.ramfunc 
*          0    00000128    00000004     
                  00000128    00000004     driverlib.lib : sysctl.obj (.TI.ramfunc)

.cinit     0    0000012c    00000014     
                  0000012c    0000000b     (.cinit..data.load) [load image, compression = lzss]
                  00000137    00000001     --HOLE-- [fill = 0]
                  00000138    00000004     (__TI_handler_table)
                  0000013c    00000004     (__TI_cinit_table)

.text      0    0000a000    00000a63     
                  0000a000    00000123     driverlib.lib : sysctl.obj (.text:SysCtl_setClock)
                  0000a123    000000fe                   : sysctl.obj (.text:SysCtl_isPLLValid)
                  0000a221    0000009a     device.obj (.text:Device_enableAllPeripherals)
                  0000a2bb    00000088     rts2800_fpu32_eabi.lib : fs_div28.asm.obj (.text)
                  0000a343    00000073     driverlib.lib : sysctl.obj (.text:DCC_setCounterSeeds)
                  0000a3b6    00000065                   : sysctl.obj (.text:SysCtl_getClock)
                  0000a41b    00000065     empty_driverlib_main.obj (.text:main)
                  0000a480    00000047     driverlib.lib : sysctl.obj (.text:SysCtl_selectOscSource)
                  0000a4c7    00000046     empty_driverlib_main.obj (.text:ADC_setupSOC)
                  0000a50d    00000046     driverlib.lib : sysctl.obj (.text:SysCtl_selectXTAL)
                  0000a553    00000045                   : sysctl.obj (.text:SysCtl_pollX1Counter)
                  0000a598    0000003d                   : interrupt.obj (.text:Interrupt_initModule)
                  0000a5d5    00000036     device.obj (.text:Device_init)
                  0000a60b    0000002e     rts2800_fpu32_eabi.lib : copy_decompress_lzss.c.obj (.text:decompress:lzss)
                  0000a639    0000002b                            : autoinit.c.obj (.text:__TI_auto_init_nobinit_nopinit)
                  0000a664    00000029                            : exit.c.obj (.text)
                  0000a68d    00000027     driverlib.lib : adc.obj (.text:ADC_setVREF)
                  0000a6b4    00000025                   : sysctl.obj (.text:SysCtl_selectXTALSingleEnded)
                  0000a6d9    00000024                   : sysctl.obj (.text:DCC_enableSingleShotMode)
                  0000a6fd    00000020     empty_driverlib_main.obj (.text:ADC_enableInterrupt)
                  0000a71d    00000020     driverlib.lib : adc.obj (.text:ADC_setOffsetTrimAll)
                  0000a73d    0000001e                   : sysctl.obj (.text:DCC_setCounter0ClkSource)
                  0000a75b    0000001e                   : sysctl.obj (.text:DCC_setCounter1ClkSource)
                  0000a779    0000001e                   : interrupt.obj (.text:Interrupt_initVectorTable)
                  0000a797    0000001d     empty_driverlib_main.obj (.text:ADC_getInterruptStatus)
                  0000a7b4    0000001d     rts2800_fpu32_eabi.lib : memcpy.c.obj (.text)
                  0000a7d1    0000001c                            : fs_tofdfpu32.asm.obj (.text)
                  0000a7ed    0000001b     adc_filter.obj (.text:ADC_filter)
                  0000a808    0000001a     driverlib.lib : sysctl.obj (.text:SysCtl_getLowSpeedClock)
                  0000a822    00000019                   : sysctl.obj (.text:SysCtl_setPLLSysClk)
                  0000a83b    00000017     empty_driverlib_main.obj (.text:ADC_forceSOC)
                  0000a852    00000017     device.obj (.text:SysCtl_enablePeripheral)
                  0000a869    00000017     driverlib.lib : sysctl.obj (.text:SysCtl_enablePeripheral)
                  0000a880    00000017     rts2800_fpu32_eabi.lib : boot28.asm.obj (.text)
                  0000a897    00000016     empty_driverlib_main.obj (.text:ADC_readResult)
                  0000a8ad    00000016     driverlib.lib : sysctl.obj (.text:DCC_disableDoneSignal)
                  0000a8c3    00000016                   : interrupt.obj (.text:Interrupt_defaultHandler)
                  0000a8d9    00000015                   : sysctl.obj (.text:DCC_clearDoneFlag)
                  0000a8ee    00000015                   : sysctl.obj (.text:DCC_clearErrorFlag)
                  0000a903    00000015                   : sysctl.obj (.text:DCC_disableErrorSignal)
                  0000a918    00000015                   : sysctl.obj (.text:DCC_isBaseValid)
                  0000a92d    00000015     device.obj (.text:GPIO_unlockPortConfig)
                  0000a942    00000014     empty_driverlib_main.obj (.text:ADC_clearInterruptStatus)
                  0000a956    00000014     driverlib.lib : sysctl.obj (.text:DCC_disableModule)
                  0000a96a    00000014                   : sysctl.obj (.text:DCC_enableModule)
                  0000a97e    00000014     device.obj (.text:SysCtl_deviceCal)
                  0000a992    00000013     empty_driverlib_main.obj (.text:ADC_enableConverter)
                  0000a9a5    00000013     driverlib.lib : adc.obj (.text:ADC_isBaseValid)
                  0000a9b8    00000013     empty_driverlib_main.obj (.text:ADC_isBaseValid)
                  0000a9cb    00000010     device.obj (.text:Device_initGPIO)
                  0000a9db    0000000d     driverlib.lib : interrupt.obj (.text:Interrupt_disableGlobal)
                  0000a9e8    0000000d     device.obj (.text:SysCtl_setLowSpeedClock)
                  0000a9f5    0000000c     rts2800_fpu32_eabi.lib : args_main.c.obj (.text)
                  0000aa01    0000000b     device.obj (.text:SysCtl_disableWatchdog)
                  0000aa0c    0000000b     driverlib.lib : sysctl.obj (.text:SysCtl_isMCDClockFailureDetected)
                  0000aa17    0000000a                   : interrupt.obj (.text:Interrupt_illegalOperationHandler)
                  0000aa21    0000000a                   : interrupt.obj (.text:Interrupt_nmiHandler)
                  0000aa2b    00000009     rts2800_fpu32_eabi.lib : _lock.c.obj (.text)
                  0000aa34    00000008                            : copy_decompress_none.c.obj (.text:decompress:none)
                  0000aa3c    00000008     f28002x_codestartbranch.obj (.text)
                  0000aa44    00000007     device.obj (.text:ASysCtl_lockVREG)
                  0000aa4b    00000007     driverlib.lib : sysctl.obj (.text:SysCtl_resetMCD)
                  0000aa52    00000007     device.obj (.text:__error__)
                  0000aa59    00000005     board.obj (.text:Board_init)
                  0000aa5e    00000002     rts2800_fpu32_eabi.lib : pre_init.c.obj (.text)
                  0000aa60    00000001     c2000ware_libraries.obj (.text:C2000Ware_libraries_init)
                  0000aa61    00000001     board.obj (.text:PinMux_init)
                  0000aa62    00000001     rts2800_fpu32_eabi.lib : startup.c.obj (.text)

.reset     0    003fffc0    00000000     DSECT

codestart 
*          0    00000000    00000002     
                  00000000    00000002     f28002x_codestartbranch.obj (codestart)

.stack     0    00000400    00000200     UNINITIALIZED
                  00000400    00000200     --HOLE--

.init_array 
*          0    00000128    00000000     UNINITIALIZED

.const     0    0000aa64    00000183     
                  0000aa64    0000009a     driverlib.lib : sysctl.obj (.const:.string)
                  0000aafe    00000059     device.obj (.const:.string)
                  0000ab57    00000001     --HOLE-- [fill = 0]
                  0000ab58    0000004b     driverlib.lib : adc.obj (.const:.string)
                  0000aba3    00000001     --HOLE-- [fill = 0]
                  0000aba4    00000043     empty_driverlib_main.obj (.const:.string)

.data      0    0000abe8    00000012     UNINITIALIZED
                  0000abe8    00000008     empty_driverlib_main.obj (.data)
                  0000abf0    00000006     rts2800_fpu32_eabi.lib : exit.c.obj (.data)
                  0000abf6    00000002                            : _lock.c.obj (.data:_lock)
                  0000abf8    00000002                            : _lock.c.obj (.data:_unlock)

MODULE SUMMARY

       Module                        code   ro data   rw data
       ------                        ----   -------   -------
    .\
       empty_driverlib_main.obj      335    67        8      
       adc_filter.obj                27     0         0      
    +--+-----------------------------+------+---------+---------+
       Total:                        362    67        8      
                                                             
    .\device\
       device.obj                    326    89        0      
       f28002x_codestartbranch.obj   10     0         0      
    +--+-----------------------------+------+---------+---------+
       Total:                        336    89        0      
                                                             
    .\syscfg\
       board.obj                     6      0         0      
       c2000ware_libraries.obj       1      0         0      
    +--+-----------------------------+------+---------+---------+
       Total:                        7      0         0      
                                                             
    C:/ti/c2000/C2000Ware_6_00_00_00/driverlib/f28002x/driverlib/ccs/Debug/driverlib.lib
       sysctl.obj                    1346   154       0      
       adc.obj                       90     75        0      
       interrupt.obj                 146    0         0      
    +--+-----------------------------+------+---------+---------+
       Total:                        1582   229       0      
                                                             
    C:\ti\ccs2020\ccs\tools\compiler\ti-cgt-c2000_22.6.2.LTS\lib\rts2800_fpu32_eabi.lib
       fs_div28.asm.obj              136    0         0      
       exit.c.obj                    41     0         6      
       copy_decompress_lzss.c.obj    46     0         0      
       autoinit.c.obj                43     0         0      
       memcpy.c.obj                  29     0         0      
       fs_tofdfpu32.asm.obj          28     0         0      
       boot28.asm.obj                23     0         0      
       _lock.c.obj                   9      0         4      
       args_main.c.obj               12     0         0      
       copy_decompress_none.c.obj    8      0         0      
       pre_init.c.obj                2      0         0      
       startup.c.obj                 1      0         0      
    +--+-----------------------------+------+---------+---------+
       Total:                        378    0         10     
                                                             
       Stack:                        0      0         512    
       Linker Generated:             0      19        0      
    +--+-----------------------------+------+---------+---------+
       Grand Total:                  2665   404       530    


LINKER GENERATED COPY TABLES

__TI_cinit_table @ 0000013c records: 1, size/record: 4, table size: 4
	.data: load addr=0000012c, load size=0000000b bytes, run addr=0000abe8, run size=00000012 bytes, compression=lzss


LINKER GENERATED HANDLER TABLE

__TI_handler_table @ 00000138 records: 2, size/record: 2, table size: 4
	index: 0, handler: __TI_decompress_lzss
	index: 1, handler: __TI_decompress_none


GLOBAL DATA SYMBOLS: SORTED BY DATA PAGE

address     data page           name
--------    ----------------    ----
00000400      10 (00000400)     __stack

0000abe8     2af (0000abc0)     value
0000abea     2af (0000abc0)     value2
0000abec     2af (0000abc0)     filteredValue
0000abee     2af (0000abc0)     alpha
0000abf0     2af (0000abc0)     __TI_enable_exit_profile_output
0000abf2     2af (0000abc0)     __TI_cleanup_ptr
0000abf4     2af (0000abc0)     __TI_dtors_ptr
0000abf6     2af (0000abc0)     _lock
0000abf8     2af (0000abc0)     _unlock


GLOBAL SYMBOLS: SORTED ALPHABETICALLY BY Name 

page  address   name                             
----  -------   ----                             
0     0000a7ed  ADC_filter                       
0     0000a71d  ADC_setOffsetTrimAll             
0     0000a68d  ADC_setVREF                      
0     0000aa59  Board_init                       
0     0000a664  C$$EXIT                          
0     0000aa60  C2000Ware_libraries_init         
0     0000a221  Device_enableAllPeripherals      
0     0000a5d5  Device_init                      
0     0000a9cb  Device_initGPIO                  
0     0000a8c3  Interrupt_defaultHandler         
0     0000aa17  Interrupt_illegalOperationHandler
0     0000a598  Interrupt_initModule             
0     0000a779  Interrupt_initVectorTable        
0     0000aa21  Interrupt_nmiHandler             
0     0000aa61  PinMux_init                      
0     00000128  SysCtl_delay                     
0     0000a3b6  SysCtl_getClock                  
0     0000a808  SysCtl_getLowSpeedClock          
0     0000a123  SysCtl_isPLLValid                
0     0000a480  SysCtl_selectOscSource           
0     0000a50d  SysCtl_selectXTAL                
0     0000a6b4  SysCtl_selectXTALSingleEnded     
0     0000a000  SysCtl_setClock                  
0     0000013c  __TI_CINIT_Base                  
0     00000140  __TI_CINIT_Limit                 
0     00000140  __TI_CINIT_Warm                  
0     00000138  __TI_Handler_Table_Base          
0     0000013c  __TI_Handler_Table_Limit         
0     00000600  __TI_STACK_END                   
abs   00000200  __TI_STACK_SIZE                  
0     0000a639  __TI_auto_init_nobinit_nopinit   
0     0000abf2  __TI_cleanup_ptr                 
0     0000a60b  __TI_decompress_lzss             
0     0000aa34  __TI_decompress_none             
0     0000abf4  __TI_dtors_ptr                   
0     0000abf0  __TI_enable_exit_profile_output  
abs   ffffffff  __TI_pprof_out_hndl              
abs   ffffffff  __TI_prof_data_size              
abs   ffffffff  __TI_prof_data_start             
0     0000a2bb  __c28xabi_divf                   
0     0000a7d1  __c28xabi_ftod                   
n/a   UNDEFED   __c_args__                       
0     0000aa52  __error__                        
0     00000400  __stack                          
0     0000a9f5  _args_main                       
0     0000a880  _c_int00                         
0     0000abf6  _lock                            
0     0000aa33  _nop                             
0     0000aa2f  _register_lock                   
0     0000aa2b  _register_unlock                 
0     0000aa62  _system_post_cinit               
0     0000aa5e  _system_pre_init                 
0     0000abf8  _unlock                          
0     0000a664  abort                            
0     0000abee  alpha                            
0     00000000  code_start                       
0     0000a666  exit                             
0     0000abec  filteredValue                    
0     0000a41b  main                             
0     0000a7b4  memcpy                           
0     0000abe8  value                            
0     0000abea  value2                           


GLOBAL SYMBOLS: SORTED BY Symbol Address 

page  address   name                             
----  -------   ----                             
0     00000000  code_start                       
0     00000128  SysCtl_delay                     
0     00000138  __TI_Handler_Table_Base          
0     0000013c  __TI_CINIT_Base                  
0     0000013c  __TI_Handler_Table_Limit         
0     00000140  __TI_CINIT_Limit                 
0     00000140  __TI_CINIT_Warm                  
0     00000400  __stack                          
0     00000600  __TI_STACK_END                   
0     0000a000  SysCtl_setClock                  
0     0000a123  SysCtl_isPLLValid                
0     0000a221  Device_enableAllPeripherals      
0     0000a2bb  __c28xabi_divf                   
0     0000a3b6  SysCtl_getClock                  
0     0000a41b  main                             
0     0000a480  SysCtl_selectOscSource           
0     0000a50d  SysCtl_selectXTAL                
0     0000a598  Interrupt_initModule             
0     0000a5d5  Device_init                      
0     0000a60b  __TI_decompress_lzss             
0     0000a639  __TI_auto_init_nobinit_nopinit   
0     0000a664  C$$EXIT                          
0     0000a664  abort                            
0     0000a666  exit                             
0     0000a68d  ADC_setVREF                      
0     0000a6b4  SysCtl_selectXTALSingleEnded     
0     0000a71d  ADC_setOffsetTrimAll             
0     0000a779  Interrupt_initVectorTable        
0     0000a7b4  memcpy                           
0     0000a7d1  __c28xabi_ftod                   
0     0000a7ed  ADC_filter                       
0     0000a808  SysCtl_getLowSpeedClock          
0     0000a880  _c_int00                         
0     0000a8c3  Interrupt_defaultHandler         
0     0000a9cb  Device_initGPIO                  
0     0000a9f5  _args_main                       
0     0000aa17  Interrupt_illegalOperationHandler
0     0000aa21  Interrupt_nmiHandler             
0     0000aa2b  _register_unlock                 
0     0000aa2f  _register_lock                   
0     0000aa33  _nop                             
0     0000aa34  __TI_decompress_none             
0     0000aa52  __error__                        
0     0000aa59  Board_init                       
0     0000aa5e  _system_pre_init                 
0     0000aa60  C2000Ware_libraries_init         
0     0000aa61  PinMux_init                      
0     0000aa62  _system_post_cinit               
0     0000abe8  value                            
0     0000abea  value2                           
0     0000abec  filteredValue                    
0     0000abee  alpha                            
0     0000abf0  __TI_enable_exit_profile_output  
0     0000abf2  __TI_cleanup_ptr                 
0     0000abf4  __TI_dtors_ptr                   
0     0000abf6  _lock                            
0     0000abf8  _unlock                          
abs   00000200  __TI_STACK_SIZE                  
abs   ffffffff  __TI_pprof_out_hndl              
abs   ffffffff  __TI_prof_data_size              
abs   ffffffff  __TI_prof_data_start             
n/a   UNDEFED   __c_args__                       

[62 symbols]
