<?xml version="1.0" encoding="ISO-8859-1" ?>
<link_info>
   <banner>TMS320C2000 Linker PC v22.6.2.LTS</banner>
   <copyright>Copyright (c) 1996-2018 Texas Instruments Incorporated</copyright>
   <link_time>0x68c10f1b</link_time>
   <link_errors>0x0</link_errors>
   <output_file>pid_practice_with_led.out</output_file>
   <entry_point>
      <name>code_start</name>
      <address>0x0</address>
   </entry_point>
   <input_file_list>
      <input_file id="fl-2">
         <path>.\</path>
         <kind>object</kind>
         <file>GPIO_config.obj</file>
         <name>GPIO_config.obj</name>
      </input_file>
      <input_file id="fl-3">
         <path>.\syscfg\</path>
         <kind>object</kind>
         <file>board.obj</file>
         <name>board.obj</name>
      </input_file>
      <input_file id="fl-4">
         <path>.\syscfg\</path>
         <kind>object</kind>
         <file>c2000ware_libraries.obj</file>
         <name>c2000ware_libraries.obj</name>
      </input_file>
      <input_file id="fl-5">
         <path>.\</path>
         <kind>object</kind>
         <file>delay_time.obj</file>
         <name>delay_time.obj</name>
      </input_file>
      <input_file id="fl-6">
         <path>.\</path>
         <kind>object</kind>
         <file>empty_driverlib_main.obj</file>
         <name>empty_driverlib_main.obj</name>
      </input_file>
      <input_file id="fl-7">
         <path>.\</path>
         <kind>object</kind>
         <file>pid.obj</file>
         <name>pid.obj</name>
      </input_file>
      <input_file id="fl-8">
         <path>.\device\</path>
         <kind>object</kind>
         <file>device.obj</file>
         <name>device.obj</name>
      </input_file>
      <input_file id="fl-9">
         <path>.\device\</path>
         <kind>object</kind>
         <file>f28002x_codestartbranch.obj</file>
         <name>f28002x_codestartbranch.obj</name>
      </input_file>
      <input_file id="fl-f">
         <kind>object</kind>
         <file>&lt;internal&gt;</file>
         <name>&lt;internal&gt;</name>
      </input_file>
      <input_file id="fl-10">
         <path>C:\ti\c2000\C2000Ware_6_00_00_00\driverlib\f28002x\driverlib\ccs\Debug\</path>
         <kind>archive</kind>
         <file>driverlib.lib</file>
         <name>dcc.obj</name>
      </input_file>
      <input_file id="fl-11">
         <path>C:\ti\c2000\C2000Ware_6_00_00_00\driverlib\f28002x\driverlib\ccs\Debug\</path>
         <kind>archive</kind>
         <file>driverlib.lib</file>
         <name>gpio.obj</name>
      </input_file>
      <input_file id="fl-12">
         <path>C:\ti\c2000\C2000Ware_6_00_00_00\driverlib\f28002x\driverlib\ccs\Debug\</path>
         <kind>archive</kind>
         <file>driverlib.lib</file>
         <name>interrupt.obj</name>
      </input_file>
      <input_file id="fl-13">
         <path>C:\ti\c2000\C2000Ware_6_00_00_00\driverlib\f28002x\driverlib\ccs\Debug\</path>
         <kind>archive</kind>
         <file>driverlib.lib</file>
         <name>sysctl.obj</name>
      </input_file>
      <input_file id="fl-1f">
         <path>C:\ti\ccs2020\ccs\tools\compiler\ti-cgt-c2000_22.6.2.LTS\lib\</path>
         <kind>archive</kind>
         <file>rts2800_fpu32_eabi.lib</file>
         <name>boot28.asm.obj</name>
      </input_file>
      <input_file id="fl-20">
         <path>C:\ti\ccs2020\ccs\tools\compiler\ti-cgt-c2000_22.6.2.LTS\lib\</path>
         <kind>archive</kind>
         <file>rts2800_fpu32_eabi.lib</file>
         <name>fd_sub28.asm.obj</name>
      </input_file>
      <input_file id="fl-21">
         <path>C:\ti\ccs2020\ccs\tools\compiler\ti-cgt-c2000_22.6.2.LTS\lib\</path>
         <kind>archive</kind>
         <file>rts2800_fpu32_eabi.lib</file>
         <name>fd_toul28.asm.obj</name>
      </input_file>
      <input_file id="fl-22">
         <path>C:\ti\ccs2020\ccs\tools\compiler\ti-cgt-c2000_22.6.2.LTS\lib\</path>
         <kind>archive</kind>
         <file>rts2800_fpu32_eabi.lib</file>
         <name>fs_div28.asm.obj</name>
      </input_file>
      <input_file id="fl-23">
         <path>C:\ti\ccs2020\ccs\tools\compiler\ti-cgt-c2000_22.6.2.LTS\lib\</path>
         <kind>archive</kind>
         <file>rts2800_fpu32_eabi.lib</file>
         <name>ul_tofd28.asm.obj</name>
      </input_file>
      <input_file id="fl-24">
         <path>C:\ti\ccs2020\ccs\tools\compiler\ti-cgt-c2000_22.6.2.LTS\lib\</path>
         <kind>archive</kind>
         <file>rts2800_fpu32_eabi.lib</file>
         <name>fd_tofsfpu32.asm.obj</name>
      </input_file>
      <input_file id="fl-25">
         <path>C:\ti\ccs2020\ccs\tools\compiler\ti-cgt-c2000_22.6.2.LTS\lib\</path>
         <kind>archive</kind>
         <file>rts2800_fpu32_eabi.lib</file>
         <name>fd_div28.asm.obj</name>
      </input_file>
      <input_file id="fl-26">
         <path>C:\ti\ccs2020\ccs\tools\compiler\ti-cgt-c2000_22.6.2.LTS\lib\</path>
         <kind>archive</kind>
         <file>rts2800_fpu32_eabi.lib</file>
         <name>pre_init.c.obj</name>
      </input_file>
      <input_file id="fl-27">
         <path>C:\ti\ccs2020\ccs\tools\compiler\ti-cgt-c2000_22.6.2.LTS\lib\</path>
         <kind>archive</kind>
         <file>rts2800_fpu32_eabi.lib</file>
         <name>autoinit.c.obj</name>
      </input_file>
      <input_file id="fl-28">
         <path>C:\ti\ccs2020\ccs\tools\compiler\ti-cgt-c2000_22.6.2.LTS\lib\</path>
         <kind>archive</kind>
         <file>rts2800_fpu32_eabi.lib</file>
         <name>copy_zero_init.c.obj</name>
      </input_file>
      <input_file id="fl-29">
         <path>C:\ti\ccs2020\ccs\tools\compiler\ti-cgt-c2000_22.6.2.LTS\lib\</path>
         <kind>archive</kind>
         <file>rts2800_fpu32_eabi.lib</file>
         <name>copy_decompress_none.c.obj</name>
      </input_file>
      <input_file id="fl-2a">
         <path>C:\ti\ccs2020\ccs\tools\compiler\ti-cgt-c2000_22.6.2.LTS\lib\</path>
         <kind>archive</kind>
         <file>rts2800_fpu32_eabi.lib</file>
         <name>copy_decompress_lzss.c.obj</name>
      </input_file>
      <input_file id="fl-2b">
         <path>C:\ti\ccs2020\ccs\tools\compiler\ti-cgt-c2000_22.6.2.LTS\lib\</path>
         <kind>archive</kind>
         <file>rts2800_fpu32_eabi.lib</file>
         <name>exit.c.obj</name>
      </input_file>
      <input_file id="fl-2c">
         <path>C:\ti\ccs2020\ccs\tools\compiler\ti-cgt-c2000_22.6.2.LTS\lib\</path>
         <kind>archive</kind>
         <file>rts2800_fpu32_eabi.lib</file>
         <name>_lock.c.obj</name>
      </input_file>
      <input_file id="fl-2d">
         <path>C:\ti\ccs2020\ccs\tools\compiler\ti-cgt-c2000_22.6.2.LTS\lib\</path>
         <kind>archive</kind>
         <file>rts2800_fpu32_eabi.lib</file>
         <name>args_main.c.obj</name>
      </input_file>
      <input_file id="fl-2e">
         <path>C:\ti\ccs2020\ccs\tools\compiler\ti-cgt-c2000_22.6.2.LTS\lib\</path>
         <kind>archive</kind>
         <file>rts2800_fpu32_eabi.lib</file>
         <name>memset.c.obj</name>
      </input_file>
      <input_file id="fl-2f">
         <path>C:\ti\ccs2020\ccs\tools\compiler\ti-cgt-c2000_22.6.2.LTS\lib\</path>
         <kind>archive</kind>
         <file>rts2800_fpu32_eabi.lib</file>
         <name>fd_add28.asm.obj</name>
      </input_file>
      <input_file id="fl-30">
         <path>C:\ti\ccs2020\ccs\tools\compiler\ti-cgt-c2000_22.6.2.LTS\lib\</path>
         <kind>archive</kind>
         <file>rts2800_fpu32_eabi.lib</file>
         <name>cpy_tbl.c.obj</name>
      </input_file>
      <input_file id="fl-31">
         <path>C:\ti\ccs2020\ccs\tools\compiler\ti-cgt-c2000_22.6.2.LTS\lib\</path>
         <kind>archive</kind>
         <file>rts2800_fpu32_eabi.lib</file>
         <name>memcpy.c.obj</name>
      </input_file>
      <input_file id="fl-32">
         <path>C:\ti\ccs2020\ccs\tools\compiler\ti-cgt-c2000_22.6.2.LTS\lib\</path>
         <kind>archive</kind>
         <file>rts2800_fpu32_eabi.lib</file>
         <name>startup.c.obj</name>
      </input_file>
   </input_file_list>
   <object_component_list>
      <object_component id="oc-153">
         <name>.text:SysCtl_setClock</name>
         <load_address>0xa000</load_address>
         <run_address>0xa000</run_address>
         <size>0x123</size>
         <input_file_ref idref="fl-13"/>
      </object_component>
      <object_component id="oc-1ff">
         <name>.text:SysCtl_isPLLValid</name>
         <load_address>0xa123</load_address>
         <run_address>0xa123</run_address>
         <size>0xfe</size>
         <input_file_ref idref="fl-13"/>
      </object_component>
      <object_component id="oc-11e">
         <name>.text:pid_compute</name>
         <load_address>0xa221</load_address>
         <run_address>0xa221</run_address>
         <size>0xef</size>
         <input_file_ref idref="fl-7"/>
      </object_component>
      <object_component id="oc-cb">
         <name>.text:main</name>
         <load_address>0xa310</load_address>
         <run_address>0xa310</run_address>
         <size>0xe6</size>
         <input_file_ref idref="fl-6"/>
      </object_component>
      <object_component id="oc-118">
         <name>.text:pid_init</name>
         <load_address>0xa3f6</load_address>
         <run_address>0xa3f6</run_address>
         <size>0xca</size>
         <input_file_ref idref="fl-7"/>
      </object_component>
      <object_component id="oc-235">
         <name>.text</name>
         <load_address>0xa4c0</load_address>
         <run_address>0xa4c0</run_address>
         <size>0x9c</size>
         <input_file_ref idref="fl-2f"/>
      </object_component>
      <object_component id="oc-178">
         <name>.text:Device_enableAllPeripherals</name>
         <load_address>0xa55c</load_address>
         <run_address>0xa55c</run_address>
         <size>0x9a</size>
         <input_file_ref idref="fl-8"/>
      </object_component>
      <object_component id="oc-1c7">
         <name>.text</name>
         <load_address>0xa5f6</load_address>
         <run_address>0xa5f6</run_address>
         <size>0x8b</size>
         <input_file_ref idref="fl-25"/>
      </object_component>
      <object_component id="oc-1b3">
         <name>.text</name>
         <load_address>0xa681</load_address>
         <run_address>0xa681</run_address>
         <size>0x88</size>
         <input_file_ref idref="fl-22"/>
      </object_component>
      <object_component id="oc-280">
         <name>.text:DCC_setCounterSeeds</name>
         <load_address>0xa709</load_address>
         <run_address>0xa709</run_address>
         <size>0x73</size>
         <input_file_ref idref="fl-13"/>
      </object_component>
      <object_component id="oc-15f">
         <name>.text:SysCtl_getClock</name>
         <load_address>0xa77c</load_address>
         <run_address>0xa77c</run_address>
         <size>0x65</size>
         <input_file_ref idref="fl-13"/>
      </object_component>
      <object_component id="oc-18d">
         <name>.text:GPIO_setPadConfig</name>
         <load_address>0xa7e1</load_address>
         <run_address>0xa7e1</run_address>
         <size>0x52</size>
         <input_file_ref idref="fl-11"/>
      </object_component>
      <object_component id="oc-1f3">
         <name>.text:SysCtl_selectOscSource</name>
         <load_address>0xa833</load_address>
         <run_address>0xa833</run_address>
         <size>0x47</size>
         <input_file_ref idref="fl-13"/>
      </object_component>
      <object_component id="oc-242">
         <name>.text:SysCtl_selectXTAL</name>
         <load_address>0xa87a</load_address>
         <run_address>0xa87a</run_address>
         <size>0x46</size>
         <input_file_ref idref="fl-13"/>
      </object_component>
      <object_component id="oc-29c">
         <name>.text:SysCtl_pollX1Counter</name>
         <load_address>0xa8c0</load_address>
         <run_address>0xa8c0</run_address>
         <size>0x45</size>
         <input_file_ref idref="fl-13"/>
      </object_component>
      <object_component id="oc-124">
         <name>.text:GPIO_writePin</name>
         <load_address>0xa905</load_address>
         <run_address>0xa905</run_address>
         <size>0x44</size>
         <input_file_ref idref="fl-6"/>
      </object_component>
      <object_component id="oc-12a">
         <name>.text:set_Delay_time</name>
         <load_address>0xa949</load_address>
         <run_address>0xa949</run_address>
         <size>0x3e</size>
         <input_file_ref idref="fl-5"/>
      </object_component>
      <object_component id="oc-105">
         <name>.text:Interrupt_initModule</name>
         <load_address>0xa987</load_address>
         <run_address>0xa987</run_address>
         <size>0x3d</size>
         <input_file_ref idref="fl-12"/>
      </object_component>
      <object_component id="oc-f3">
         <name>.text:Device_init</name>
         <load_address>0xa9c4</load_address>
         <run_address>0xa9c4</run_address>
         <size>0x36</size>
         <input_file_ref idref="fl-8"/>
      </object_component>
      <object_component id="oc-193">
         <name>.text:GPIO_setDirectionMode</name>
         <load_address>0xa9fa</load_address>
         <run_address>0xa9fa</run_address>
         <size>0x31</size>
         <input_file_ref idref="fl-11"/>
      </object_component>
      <object_component id="oc-14">
         <name>.text:decompress:lzss</name>
         <load_address>0xaa2b</load_address>
         <run_address>0xaa2b</run_address>
         <size>0x2e</size>
         <input_file_ref idref="fl-2a"/>
      </object_component>
      <object_component id="oc-9b">
         <name>.text:__TI_auto_init_nobinit_nopinit</name>
         <load_address>0xaa59</load_address>
         <run_address>0xaa59</run_address>
         <size>0x2b</size>
         <input_file_ref idref="fl-27"/>
      </object_component>
      <object_component id="oc-8f">
         <name>.text</name>
         <load_address>0xaa84</load_address>
         <run_address>0xaa84</run_address>
         <size>0x29</size>
         <input_file_ref idref="fl-2b"/>
      </object_component>
      <object_component id="oc-248">
         <name>.text:SysCtl_selectXTALSingleEnded</name>
         <load_address>0xaaad</load_address>
         <run_address>0xaaad</run_address>
         <size>0x25</size>
         <input_file_ref idref="fl-13"/>
      </object_component>
      <object_component id="oc-286">
         <name>.text:DCC_enableSingleShotMode</name>
         <load_address>0xaad2</load_address>
         <run_address>0xaad2</run_address>
         <size>0x24</size>
         <input_file_ref idref="fl-13"/>
      </object_component>
      <object_component id="oc-1ac">
         <name>.text</name>
         <load_address>0xaaf6</load_address>
         <run_address>0xaaf6</run_address>
         <size>0x23</size>
         <input_file_ref idref="fl-24"/>
      </object_component>
      <object_component id="oc-274">
         <name>.text:DCC_setCounter0ClkSource</name>
         <load_address>0xab19</load_address>
         <run_address>0xab19</run_address>
         <size>0x1e</size>
         <input_file_ref idref="fl-13"/>
      </object_component>
      <object_component id="oc-27a">
         <name>.text:DCC_setCounter1ClkSource</name>
         <load_address>0xab37</load_address>
         <run_address>0xab37</run_address>
         <size>0x1e</size>
         <input_file_ref idref="fl-13"/>
      </object_component>
      <object_component id="oc-2c">
         <name>.text:Interrupt_initVectorTable</name>
         <load_address>0xab55</load_address>
         <run_address>0xab55</run_address>
         <size>0x1e</size>
         <input_file_ref idref="fl-12"/>
      </object_component>
      <object_component id="oc-41">
         <name>.text</name>
         <load_address>0xab73</load_address>
         <run_address>0xab73</run_address>
         <size>0x1d</size>
         <input_file_ref idref="fl-31"/>
      </object_component>
      <object_component id="oc-1d1">
         <name>.text</name>
         <load_address>0xab90</load_address>
         <run_address>0xab90</run_address>
         <size>0x1b</size>
         <input_file_ref idref="fl-21"/>
      </object_component>
      <object_component id="oc-16c">
         <name>.text:SysCtl_getLowSpeedClock</name>
         <load_address>0xabab</load_address>
         <run_address>0xabab</run_address>
         <size>0x1a</size>
         <input_file_ref idref="fl-13"/>
      </object_component>
      <object_component id="oc-1f9">
         <name>.text:SysCtl_setPLLSysClk</name>
         <load_address>0xabc5</load_address>
         <run_address>0xabc5</run_address>
         <size>0x19</size>
         <input_file_ref idref="fl-13"/>
      </object_component>
      <object_component id="oc-20c">
         <name>.text:SysCtl_enablePeripheral</name>
         <load_address>0xabde</load_address>
         <run_address>0xabde</run_address>
         <size>0x17</size>
         <input_file_ref idref="fl-8"/>
      </object_component>
      <object_component id="oc-250">
         <name>.text:SysCtl_enablePeripheral</name>
         <load_address>0xabf5</load_address>
         <run_address>0xabf5</run_address>
         <size>0x17</size>
         <input_file_ref idref="fl-13"/>
      </object_component>
      <object_component id="oc-71">
         <name>.text</name>
         <load_address>0xac0c</load_address>
         <run_address>0xac0c</run_address>
         <size>0x17</size>
         <input_file_ref idref="fl-1f"/>
      </object_component>
      <object_component id="oc-26e">
         <name>.text:DCC_disableDoneSignal</name>
         <load_address>0xac23</load_address>
         <run_address>0xac23</run_address>
         <size>0x16</size>
         <input_file_ref idref="fl-13"/>
      </object_component>
      <object_component id="oc-26">
         <name>.text:Interrupt_defaultHandler</name>
         <load_address>0xac39</load_address>
         <run_address>0xac39</run_address>
         <size>0x16</size>
         <input_file_ref idref="fl-12"/>
      </object_component>
      <object_component id="oc-1c1">
         <name>.text</name>
         <load_address>0xac4f</load_address>
         <run_address>0xac4f</run_address>
         <size>0x16</size>
         <input_file_ref idref="fl-23"/>
      </object_component>
      <object_component id="oc-25c">
         <name>.text:DCC_clearDoneFlag</name>
         <load_address>0xac65</load_address>
         <run_address>0xac65</run_address>
         <size>0x15</size>
         <input_file_ref idref="fl-13"/>
      </object_component>
      <object_component id="oc-256">
         <name>.text:DCC_clearErrorFlag</name>
         <load_address>0xac7a</load_address>
         <run_address>0xac7a</run_address>
         <size>0x15</size>
         <input_file_ref idref="fl-13"/>
      </object_component>
      <object_component id="oc-268">
         <name>.text:DCC_disableErrorSignal</name>
         <load_address>0xac8f</load_address>
         <run_address>0xac8f</run_address>
         <size>0x15</size>
         <input_file_ref idref="fl-13"/>
      </object_component>
      <object_component id="oc-2ab">
         <name>.text:DCC_isBaseValid</name>
         <load_address>0xaca4</load_address>
         <run_address>0xaca4</run_address>
         <size>0x15</size>
         <input_file_ref idref="fl-13"/>
      </object_component>
      <object_component id="oc-186">
         <name>.text:GPIO_unlockPortConfig</name>
         <load_address>0xacb9</load_address>
         <run_address>0xacb9</run_address>
         <size>0x15</size>
         <input_file_ref idref="fl-8"/>
      </object_component>
      <object_component id="oc-262">
         <name>.text:DCC_disableModule</name>
         <load_address>0xacce</load_address>
         <run_address>0xacce</run_address>
         <size>0x14</size>
         <input_file_ref idref="fl-13"/>
      </object_component>
      <object_component id="oc-28c">
         <name>.text:DCC_enableModule</name>
         <load_address>0xace2</load_address>
         <run_address>0xace2</run_address>
         <size>0x14</size>
         <input_file_ref idref="fl-13"/>
      </object_component>
      <object_component id="oc-218">
         <name>.text:GPIO_isPinValid</name>
         <load_address>0xacf6</load_address>
         <run_address>0xacf6</run_address>
         <size>0x14</size>
         <input_file_ref idref="fl-11"/>
      </object_component>
      <object_component id="oc-1b9">
         <name>.text:GPIO_isPinValid</name>
         <load_address>0xad0a</load_address>
         <run_address>0xad0a</run_address>
         <size>0x14</size>
         <input_file_ref idref="fl-6"/>
      </object_component>
      <object_component id="oc-172">
         <name>.text:SysCtl_deviceCal</name>
         <load_address>0xad1e</load_address>
         <run_address>0xad1e</run_address>
         <size>0x14</size>
         <input_file_ref idref="fl-8"/>
      </object_component>
      <object_component id="oc-f9">
         <name>.text:Device_initGPIO</name>
         <load_address>0xad32</load_address>
         <run_address>0xad32</run_address>
         <size>0x10</size>
         <input_file_ref idref="fl-8"/>
      </object_component>
      <object_component id="oc-1cc">
         <name>.text</name>
         <load_address>0xad42</load_address>
         <run_address>0xad42</run_address>
         <size>0xe</size>
         <input_file_ref idref="fl-20"/>
      </object_component>
      <object_component id="oc-ff">
         <name>.text:GPIO_init_output</name>
         <load_address>0xad50</load_address>
         <run_address>0xad50</run_address>
         <size>0xd</size>
         <input_file_ref idref="fl-2"/>
      </object_component>
      <object_component id="oc-19b">
         <name>.text:Interrupt_disableGlobal</name>
         <load_address>0xad5d</load_address>
         <run_address>0xad5d</run_address>
         <size>0xd</size>
         <input_file_ref idref="fl-12"/>
      </object_component>
      <object_component id="oc-159">
         <name>.text:SysCtl_setLowSpeedClock</name>
         <load_address>0xad6a</load_address>
         <run_address>0xad6a</run_address>
         <size>0xd</size>
         <input_file_ref idref="fl-8"/>
      </object_component>
      <object_component id="oc-89">
         <name>.text</name>
         <load_address>0xad77</load_address>
         <run_address>0xad77</run_address>
         <size>0xc</size>
         <input_file_ref idref="fl-2d"/>
      </object_component>
      <object_component id="oc-14d">
         <name>.text:SysCtl_disableWatchdog</name>
         <load_address>0xad83</load_address>
         <run_address>0xad83</run_address>
         <size>0xb</size>
         <input_file_ref idref="fl-8"/>
      </object_component>
      <object_component id="oc-1ed">
         <name>.text:SysCtl_isMCDClockFailureDetected</name>
         <load_address>0xad8e</load_address>
         <run_address>0xad8e</run_address>
         <size>0xb</size>
         <input_file_ref idref="fl-13"/>
      </object_component>
      <object_component id="oc-32">
         <name>.text:Interrupt_illegalOperationHandler</name>
         <load_address>0xad99</load_address>
         <run_address>0xad99</run_address>
         <size>0xa</size>
         <input_file_ref idref="fl-12"/>
      </object_component>
      <object_component id="oc-38">
         <name>.text:Interrupt_nmiHandler</name>
         <load_address>0xada3</load_address>
         <run_address>0xada3</run_address>
         <size>0xa</size>
         <input_file_ref idref="fl-12"/>
      </object_component>
      <object_component id="oc-13a">
         <name>.text</name>
         <load_address>0xadad</load_address>
         <run_address>0xadad</run_address>
         <size>0x9</size>
         <input_file_ref idref="fl-2c"/>
      </object_component>
      <object_component id="oc-1a">
         <name>.text:decompress:none</name>
         <load_address>0xadb6</load_address>
         <run_address>0xadb6</run_address>
         <size>0x8</size>
         <input_file_ref idref="fl-29"/>
      </object_component>
      <object_component id="oc-55">
         <name>.text</name>
         <load_address>0xadbe</load_address>
         <run_address>0xadbe</run_address>
         <size>0x8</size>
         <input_file_ref idref="fl-9"/>
      </object_component>
      <object_component id="oc-17e">
         <name>.text:ASysCtl_lockVREG</name>
         <load_address>0xadc6</load_address>
         <run_address>0xadc6</run_address>
         <size>0x7</size>
         <input_file_ref idref="fl-8"/>
      </object_component>
      <object_component id="oc-2a2">
         <name>.text:SysCtl_resetMCD</name>
         <load_address>0xadcd</load_address>
         <run_address>0xadcd</run_address>
         <size>0x7</size>
         <input_file_ref idref="fl-13"/>
      </object_component>
      <object_component id="oc-166">
         <name>.text:__error__</name>
         <load_address>0xadd4</load_address>
         <run_address>0xadd4</run_address>
         <size>0x7</size>
         <input_file_ref idref="fl-8"/>
      </object_component>
      <object_component id="oc-10b">
         <name>.text:Board_init</name>
         <load_address>0xaddb</load_address>
         <run_address>0xaddb</run_address>
         <size>0x5</size>
         <input_file_ref idref="fl-3"/>
      </object_component>
      <object_component id="oc-82">
         <name>.text</name>
         <load_address>0xade0</load_address>
         <run_address>0xade0</run_address>
         <size>0x2</size>
         <input_file_ref idref="fl-26"/>
      </object_component>
      <object_component id="oc-111">
         <name>.text:C2000Ware_libraries_init</name>
         <load_address>0xade2</load_address>
         <run_address>0xade2</run_address>
         <size>0x1</size>
         <input_file_ref idref="fl-4"/>
      </object_component>
      <object_component id="oc-1a2">
         <name>.text:PinMux_init</name>
         <load_address>0xade3</load_address>
         <run_address>0xade3</run_address>
         <size>0x1</size>
         <input_file_ref idref="fl-3"/>
      </object_component>
      <object_component id="oc-de">
         <name>.text</name>
         <load_address>0xade4</load_address>
         <run_address>0xade4</run_address>
         <size>0x1</size>
         <input_file_ref idref="fl-32"/>
      </object_component>
      <object_component id="oc-1d6">
         <name>.TI.ramfunc</name>
         <load_address>0x128</load_address>
         <run_address>0x128</run_address>
         <size>0x4</size>
         <input_file_ref idref="fl-13"/>
      </object_component>
      <object_component id="oc-2e7">
         <name>.cinit..data.load</name>
         <load_address>0x12c</load_address>
         <run_address>0x12c</run_address>
         <size>0xf</size>
      </object_component>
      <object_component id="oc-2e5">
         <name>__TI_handler_table</name>
         <load_address>0x13c</load_address>
         <run_address>0x13c</run_address>
         <size>0x4</size>
      </object_component>
      <object_component id="oc-2e6">
         <name>__TI_cinit_table</name>
         <load_address>0x140</load_address>
         <run_address>0x140</run_address>
         <size>0x4</size>
      </object_component>
      <object_component id="oc-21">
         <name>codestart</name>
         <load_address>0x0</load_address>
         <run_address>0x0</run_address>
         <size>0x2</size>
         <input_file_ref idref="fl-9"/>
      </object_component>
      <object_component id="oc-3e">
         <name>.stack</name>
         <uninitialized>true</uninitialized>
         <run_address>0x400</run_address>
         <size>0x0</size>
         <input_file_ref idref="fl-1f"/>
      </object_component>
      <object_component id="oc-2e8">
         <name>.stack</name>
         <uninitialized>true</uninitialized>
         <run_address>0x400</run_address>
         <size>0x0</size>
      </object_component>
      <object_component id="oc-1ec">
         <name>.const:.string</name>
         <load_address>0xade6</load_address>
         <run_address>0xade6</run_address>
         <size>0x9a</size>
         <input_file_ref idref="fl-13"/>
      </object_component>
      <object_component id="oc-21e">
         <name>.const:.string</name>
         <load_address>0xae80</load_address>
         <run_address>0xae80</run_address>
         <size>0x98</size>
         <input_file_ref idref="fl-11"/>
      </object_component>
      <object_component id="oc-165">
         <name>.const:.string</name>
         <load_address>0xaf18</load_address>
         <run_address>0xaf18</run_address>
         <size>0x59</size>
         <input_file_ref idref="fl-8"/>
      </object_component>
      <object_component id="oc-1bf">
         <name>.const:.string</name>
         <load_address>0xaf72</load_address>
         <run_address>0xaf72</run_address>
         <size>0x44</size>
         <input_file_ref idref="fl-6"/>
      </object_component>
      <object_component id="oc-117">
         <name>.const</name>
         <load_address>0xafb6</load_address>
         <run_address>0xafb6</run_address>
         <size>0x10</size>
         <input_file_ref idref="fl-6"/>
      </object_component>
      <object_component id="oc-1c6">
         <name>.const</name>
         <load_address>0xafc6</load_address>
         <run_address>0xafc6</run_address>
         <size>0xc</size>
         <input_file_ref idref="fl-5"/>
      </object_component>
      <object_component id="oc-130">
         <name>.data</name>
         <load_address>0xafd2</load_address>
         <run_address>0xafd2</run_address>
         <size>0xe</size>
         <input_file_ref idref="fl-6"/>
      </object_component>
      <object_component id="oc-d3">
         <name>.data</name>
         <load_address>0xafe0</load_address>
         <run_address>0xafe0</run_address>
         <size>0x6</size>
         <input_file_ref idref="fl-2b"/>
      </object_component>
      <object_component id="oc-d6">
         <name>.data:_lock</name>
         <load_address>0xafe6</load_address>
         <run_address>0xafe6</run_address>
         <size>0x2</size>
         <input_file_ref idref="fl-2c"/>
      </object_component>
      <object_component id="oc-1de">
         <name>.data:_unlock</name>
         <load_address>0xafe8</load_address>
         <run_address>0xafe8</run_address>
         <size>0x2</size>
         <input_file_ref idref="fl-2c"/>
      </object_component>
      <object_component id="oc-19a">
         <name>.debug_types</name>
         <load_address>0x0</load_address>
         <run_address>0x0</run_address>
         <size>0x3db</size>
         <input_file_ref idref="fl-2"/>
      </object_component>
      <object_component id="oc-1a9">
         <name>.debug_types</name>
         <load_address>0x0</load_address>
         <run_address>0x0</run_address>
         <size>0x0</size>
         <input_file_ref idref="fl-3"/>
      </object_component>
      <object_component id="oc-1ab">
         <name>.debug_types</name>
         <load_address>0x0</load_address>
         <run_address>0x0</run_address>
         <size>0x0</size>
         <input_file_ref idref="fl-4"/>
      </object_component>
      <object_component id="oc-1d8">
         <name>.debug_types</name>
         <load_address>0x0</load_address>
         <run_address>0x0</run_address>
         <size>0x0</size>
         <input_file_ref idref="fl-5"/>
      </object_component>
      <object_component id="oc-134">
         <name>.debug_types</name>
         <load_address>0x3db</load_address>
         <run_address>0x3db</run_address>
         <size>0x37e</size>
         <input_file_ref idref="fl-6"/>
      </object_component>
      <object_component id="oc-1b2">
         <name>.debug_types</name>
         <load_address>0x759</load_address>
         <run_address>0x759</run_address>
         <size>0x97</size>
         <input_file_ref idref="fl-7"/>
      </object_component>
      <object_component id="oc-185">
         <name>.debug_types</name>
         <load_address>0x7f0</load_address>
         <run_address>0x7f0</run_address>
         <size>0xa50</size>
         <input_file_ref idref="fl-8"/>
      </object_component>
      <object_component id="oc-220">
         <name>.debug_types</name>
         <load_address>0x1240</load_address>
         <run_address>0x1240</run_address>
         <size>0x3ae</size>
         <input_file_ref idref="fl-11"/>
      </object_component>
      <object_component id="oc-5c">
         <name>.debug_types</name>
         <load_address>0x0</load_address>
         <run_address>0x0</run_address>
         <size>0x0</size>
         <input_file_ref idref="fl-12"/>
      </object_component>
      <object_component id="oc-206">
         <name>.debug_types</name>
         <load_address>0x15ee</load_address>
         <run_address>0x15ee</run_address>
         <size>0x716</size>
         <input_file_ref idref="fl-13"/>
      </object_component>
      <object_component id="oc-9a">
         <name>.debug_types</name>
         <load_address>0x0</load_address>
         <run_address>0x0</run_address>
         <size>0x0</size>
         <input_file_ref idref="fl-26"/>
      </object_component>
      <object_component id="oc-e5">
         <name>.debug_types</name>
         <load_address>0x1d04</load_address>
         <run_address>0x1d04</run_address>
         <size>0x4bd</size>
         <input_file_ref idref="fl-27"/>
      </object_component>
      <object_component id="oc-48">
         <name>.debug_types</name>
         <load_address>0x21c1</load_address>
         <run_address>0x21c1</run_address>
         <size>0x1c8</size>
         <input_file_ref idref="fl-29"/>
      </object_component>
      <object_component id="oc-40">
         <name>.debug_types</name>
         <load_address>0x2389</load_address>
         <run_address>0x2389</run_address>
         <size>0x191</size>
         <input_file_ref idref="fl-2a"/>
      </object_component>
      <object_component id="oc-da">
         <name>.debug_types</name>
         <load_address>0x251a</load_address>
         <run_address>0x251a</run_address>
         <size>0xbf</size>
         <input_file_ref idref="fl-2b"/>
      </object_component>
      <object_component id="oc-142">
         <name>.debug_types</name>
         <load_address>0x25d9</load_address>
         <run_address>0x25d9</run_address>
         <size>0x2f</size>
         <input_file_ref idref="fl-2c"/>
      </object_component>
      <object_component id="oc-d2">
         <name>.debug_types</name>
         <load_address>0x2608</load_address>
         <run_address>0x2608</run_address>
         <size>0xe1</size>
         <input_file_ref idref="fl-2d"/>
      </object_component>
      <object_component id="oc-64">
         <name>.debug_types</name>
         <load_address>0x26e9</load_address>
         <run_address>0x26e9</run_address>
         <size>0xe3</size>
         <input_file_ref idref="fl-31"/>
      </object_component>
      <object_component id="oc-147">
         <name>.debug_types</name>
         <load_address>0x0</load_address>
         <run_address>0x0</run_address>
         <size>0x0</size>
         <input_file_ref idref="fl-32"/>
      </object_component>
      <object_component id="oc-101">
         <name>.debug_info</name>
         <load_address>0x0</load_address>
         <run_address>0x0</run_address>
         <size>0x16a</size>
         <input_file_ref idref="fl-2"/>
      </object_component>
      <object_component id="oc-10d">
         <name>.debug_info</name>
         <load_address>0x16a</load_address>
         <run_address>0x16a</run_address>
         <size>0x11a</size>
         <input_file_ref idref="fl-3"/>
      </object_component>
      <object_component id="oc-1a5">
         <name>.debug_info</name>
         <load_address>0x284</load_address>
         <run_address>0x284</run_address>
         <size>0x10b</size>
         <input_file_ref idref="fl-3"/>
      </object_component>
      <object_component id="oc-112">
         <name>.debug_info</name>
         <load_address>0x38f</load_address>
         <run_address>0x38f</run_address>
         <size>0x141</size>
         <input_file_ref idref="fl-4"/>
      </object_component>
      <object_component id="oc-12c">
         <name>.debug_info</name>
         <load_address>0x4d0</load_address>
         <run_address>0x4d0</run_address>
         <size>0x1b8</size>
         <input_file_ref idref="fl-5"/>
      </object_component>
      <object_component id="oc-131">
         <name>.debug_info</name>
         <load_address>0x688</load_address>
         <run_address>0x688</run_address>
         <size>0x1d8</size>
         <input_file_ref idref="fl-6"/>
      </object_component>
      <object_component id="oc-1ba">
         <name>.debug_info</name>
         <load_address>0x860</load_address>
         <run_address>0x860</run_address>
         <size>0x17a</size>
         <input_file_ref idref="fl-6"/>
      </object_component>
      <object_component id="oc-127">
         <name>.debug_info</name>
         <load_address>0x9da</load_address>
         <run_address>0x9da</run_address>
         <size>0x1d3</size>
         <input_file_ref idref="fl-6"/>
      </object_component>
      <object_component id="oc-cc">
         <name>.debug_info</name>
         <load_address>0xbad</load_address>
         <run_address>0xbad</run_address>
         <size>0x2e1</size>
         <input_file_ref idref="fl-6"/>
      </object_component>
      <object_component id="oc-11c">
         <name>.debug_info</name>
         <load_address>0xe8e</load_address>
         <run_address>0xe8e</run_address>
         <size>0x23c</size>
         <input_file_ref idref="fl-7"/>
      </object_component>
      <object_component id="oc-122">
         <name>.debug_info</name>
         <load_address>0x10ca</load_address>
         <run_address>0x10ca</run_address>
         <size>0x1fc</size>
         <input_file_ref idref="fl-7"/>
      </object_component>
      <object_component id="oc-17f">
         <name>.debug_info</name>
         <load_address>0x12c6</load_address>
         <run_address>0x12c6</run_address>
         <size>0x153</size>
         <input_file_ref idref="fl-8"/>
      </object_component>
      <object_component id="oc-174">
         <name>.debug_info</name>
         <load_address>0x1419</load_address>
         <run_address>0x1419</run_address>
         <size>0x157</size>
         <input_file_ref idref="fl-8"/>
      </object_component>
      <object_component id="oc-20e">
         <name>.debug_info</name>
         <load_address>0x1570</load_address>
         <run_address>0x1570</run_address>
         <size>0x1b7</size>
         <input_file_ref idref="fl-8"/>
      </object_component>
      <object_component id="oc-15b">
         <name>.debug_info</name>
         <load_address>0x1727</load_address>
         <run_address>0x1727</run_address>
         <size>0x18b</size>
         <input_file_ref idref="fl-8"/>
      </object_component>
      <object_component id="oc-14e">
         <name>.debug_info</name>
         <load_address>0x18b2</load_address>
         <run_address>0x18b2</run_address>
         <size>0x15e</size>
         <input_file_ref idref="fl-8"/>
      </object_component>
      <object_component id="oc-188">
         <name>.debug_info</name>
         <load_address>0x1a10</load_address>
         <run_address>0x1a10</run_address>
         <size>0x1ba</size>
         <input_file_ref idref="fl-8"/>
      </object_component>
      <object_component id="oc-f5">
         <name>.debug_info</name>
         <load_address>0x1bca</load_address>
         <run_address>0x1bca</run_address>
         <size>0x1fe</size>
         <input_file_ref idref="fl-8"/>
      </object_component>
      <object_component id="oc-17a">
         <name>.debug_info</name>
         <load_address>0x1dc8</load_address>
         <run_address>0x1dc8</run_address>
         <size>0x5f5</size>
         <input_file_ref idref="fl-8"/>
      </object_component>
      <object_component id="oc-fb">
         <name>.debug_info</name>
         <load_address>0x23bd</load_address>
         <run_address>0x23bd</run_address>
         <size>0x16c</size>
         <input_file_ref idref="fl-8"/>
      </object_component>
      <object_component id="oc-168">
         <name>.debug_info</name>
         <load_address>0x2529</load_address>
         <run_address>0x2529</run_address>
         <size>0x15b</size>
         <input_file_ref idref="fl-8"/>
      </object_component>
      <object_component id="oc-23">
         <name>.debug_info</name>
         <load_address>0x2684</load_address>
         <run_address>0x2684</run_address>
         <size>0x10e</size>
         <input_file_ref idref="fl-9"/>
      </object_component>
      <object_component id="oc-57">
         <name>.debug_info</name>
         <load_address>0x2792</load_address>
         <run_address>0x2792</run_address>
         <size>0x10f</size>
         <input_file_ref idref="fl-9"/>
      </object_component>
      <object_component id="oc-219">
         <name>.debug_info</name>
         <load_address>0x28a1</load_address>
         <run_address>0x28a1</run_address>
         <size>0x1ca</size>
         <input_file_ref idref="fl-11"/>
      </object_component>
      <object_component id="oc-194">
         <name>.debug_info</name>
         <load_address>0x2a6b</load_address>
         <run_address>0x2a6b</run_address>
         <size>0x242</size>
         <input_file_ref idref="fl-11"/>
      </object_component>
      <object_component id="oc-18e">
         <name>.debug_info</name>
         <load_address>0x2cad</load_address>
         <run_address>0x2cad</run_address>
         <size>0x22b</size>
         <input_file_ref idref="fl-11"/>
      </object_component>
      <object_component id="oc-19f">
         <name>.debug_info</name>
         <load_address>0x2ed8</load_address>
         <run_address>0x2ed8</run_address>
         <size>0x1c5</size>
         <input_file_ref idref="fl-12"/>
      </object_component>
      <object_component id="oc-109">
         <name>.debug_info</name>
         <load_address>0x309d</load_address>
         <run_address>0x309d</run_address>
         <size>0x1d4</size>
         <input_file_ref idref="fl-12"/>
      </object_component>
      <object_component id="oc-29">
         <name>.debug_info</name>
         <load_address>0x3271</load_address>
         <run_address>0x3271</run_address>
         <size>0x1e1</size>
         <input_file_ref idref="fl-12"/>
      </object_component>
      <object_component id="oc-35">
         <name>.debug_info</name>
         <load_address>0x3452</load_address>
         <run_address>0x3452</run_address>
         <size>0x1c7</size>
         <input_file_ref idref="fl-12"/>
      </object_component>
      <object_component id="oc-3b">
         <name>.debug_info</name>
         <load_address>0x3619</load_address>
         <run_address>0x3619</run_address>
         <size>0x1ad</size>
         <input_file_ref idref="fl-12"/>
      </object_component>
      <object_component id="oc-2f">
         <name>.debug_info</name>
         <load_address>0x37c6</load_address>
         <run_address>0x37c6</run_address>
         <size>0x1d1</size>
         <input_file_ref idref="fl-12"/>
      </object_component>
      <object_component id="oc-252">
         <name>.debug_info</name>
         <load_address>0x3997</load_address>
         <run_address>0x3997</run_address>
         <size>0x210</size>
         <input_file_ref idref="fl-13"/>
      </object_component>
      <object_component id="oc-1f0">
         <name>.debug_info</name>
         <load_address>0x3ba7</load_address>
         <run_address>0x3ba7</run_address>
         <size>0x1d3</size>
         <input_file_ref idref="fl-13"/>
      </object_component>
      <object_component id="oc-2a4">
         <name>.debug_info</name>
         <load_address>0x3d7a</load_address>
         <run_address>0x3d7a</run_address>
         <size>0x1a9</size>
         <input_file_ref idref="fl-13"/>
      </object_component>
      <object_component id="oc-1fb">
         <name>.debug_info</name>
         <load_address>0x3f23</load_address>
         <run_address>0x3f23</run_address>
         <size>0x1d8</size>
         <input_file_ref idref="fl-13"/>
      </object_component>
      <object_component id="oc-2ae">
         <name>.debug_info</name>
         <load_address>0x40fb</load_address>
         <run_address>0x40fb</run_address>
         <size>0x1cd</size>
         <input_file_ref idref="fl-13"/>
      </object_component>
      <object_component id="oc-28e">
         <name>.debug_info</name>
         <load_address>0x42c8</load_address>
         <run_address>0x42c8</run_address>
         <size>0x1eb</size>
         <input_file_ref idref="fl-13"/>
      </object_component>
      <object_component id="oc-265">
         <name>.debug_info</name>
         <load_address>0x44b3</load_address>
         <run_address>0x44b3</run_address>
         <size>0x1ed</size>
         <input_file_ref idref="fl-13"/>
      </object_component>
      <object_component id="oc-26a">
         <name>.debug_info</name>
         <load_address>0x46a0</load_address>
         <run_address>0x46a0</run_address>
         <size>0x1f9</size>
         <input_file_ref idref="fl-13"/>
      </object_component>
      <object_component id="oc-270">
         <name>.debug_info</name>
         <load_address>0x4899</load_address>
         <run_address>0x4899</run_address>
         <size>0x1f7</size>
         <input_file_ref idref="fl-13"/>
      </object_component>
      <object_component id="oc-288">
         <name>.debug_info</name>
         <load_address>0x4a90</load_address>
         <run_address>0x4a90</run_address>
         <size>0x21e</size>
         <input_file_ref idref="fl-13"/>
      </object_component>
      <object_component id="oc-259">
         <name>.debug_info</name>
         <load_address>0x4cae</load_address>
         <run_address>0x4cae</run_address>
         <size>0x1f1</size>
         <input_file_ref idref="fl-13"/>
      </object_component>
      <object_component id="oc-25f">
         <name>.debug_info</name>
         <load_address>0x4e9f</load_address>
         <run_address>0x4e9f</run_address>
         <size>0x1ef</size>
         <input_file_ref idref="fl-13"/>
      </object_component>
      <object_component id="oc-27d">
         <name>.debug_info</name>
         <load_address>0x508e</load_address>
         <run_address>0x508e</run_address>
         <size>0x222</size>
         <input_file_ref idref="fl-13"/>
      </object_component>
      <object_component id="oc-276">
         <name>.debug_info</name>
         <load_address>0x52b0</load_address>
         <run_address>0x52b0</run_address>
         <size>0x222</size>
         <input_file_ref idref="fl-13"/>
      </object_component>
      <object_component id="oc-282">
         <name>.debug_info</name>
         <load_address>0x54d2</load_address>
         <run_address>0x54d2</run_address>
         <size>0x291</size>
         <input_file_ref idref="fl-13"/>
      </object_component>
      <object_component id="oc-29f">
         <name>.debug_info</name>
         <load_address>0x5763</load_address>
         <run_address>0x5763</run_address>
         <size>0x20d</size>
         <input_file_ref idref="fl-13"/>
      </object_component>
      <object_component id="oc-161">
         <name>.debug_info</name>
         <load_address>0x5970</load_address>
         <run_address>0x5970</run_address>
         <size>0x26c</size>
         <input_file_ref idref="fl-13"/>
      </object_component>
      <object_component id="oc-156">
         <name>.debug_info</name>
         <load_address>0x5bdc</load_address>
         <run_address>0x5bdc</run_address>
         <size>0x3eb</size>
         <input_file_ref idref="fl-13"/>
      </object_component>
      <object_component id="oc-244">
         <name>.debug_info</name>
         <load_address>0x5fc7</load_address>
         <run_address>0x5fc7</run_address>
         <size>0x245</size>
         <input_file_ref idref="fl-13"/>
      </object_component>
      <object_component id="oc-24a">
         <name>.debug_info</name>
         <load_address>0x620c</load_address>
         <run_address>0x620c</run_address>
         <size>0x216</size>
         <input_file_ref idref="fl-13"/>
      </object_component>
      <object_component id="oc-1f6">
         <name>.debug_info</name>
         <load_address>0x6422</load_address>
         <run_address>0x6422</run_address>
         <size>0x22a</size>
         <input_file_ref idref="fl-13"/>
      </object_component>
      <object_component id="oc-16f">
         <name>.debug_info</name>
         <load_address>0x664c</load_address>
         <run_address>0x664c</run_address>
         <size>0x216</size>
         <input_file_ref idref="fl-13"/>
      </object_component>
      <object_component id="oc-201">
         <name>.debug_info</name>
         <load_address>0x6862</load_address>
         <run_address>0x6862</run_address>
         <size>0x4a1</size>
         <input_file_ref idref="fl-13"/>
      </object_component>
      <object_component id="oc-72">
         <name>.debug_info</name>
         <load_address>0x6d03</load_address>
         <run_address>0x6d03</run_address>
         <size>0x147</size>
         <input_file_ref idref="fl-1f"/>
      </object_component>
      <object_component id="oc-1cd">
         <name>.debug_info</name>
         <load_address>0x6e4a</load_address>
         <run_address>0x6e4a</run_address>
         <size>0x12a</size>
         <input_file_ref idref="fl-20"/>
      </object_component>
      <object_component id="oc-1d4">
         <name>.debug_info</name>
         <load_address>0x6f74</load_address>
         <run_address>0x6f74</run_address>
         <size>0x119</size>
         <input_file_ref idref="fl-21"/>
      </object_component>
      <object_component id="oc-1b6">
         <name>.debug_info</name>
         <load_address>0x708d</load_address>
         <run_address>0x708d</run_address>
         <size>0x116</size>
         <input_file_ref idref="fl-22"/>
      </object_component>
      <object_component id="oc-1c4">
         <name>.debug_info</name>
         <load_address>0x71a3</load_address>
         <run_address>0x71a3</run_address>
         <size>0x11d</size>
         <input_file_ref idref="fl-23"/>
      </object_component>
      <object_component id="oc-1ad">
         <name>.debug_info</name>
         <load_address>0x72c0</load_address>
         <run_address>0x72c0</run_address>
         <size>0x11a</size>
         <input_file_ref idref="fl-24"/>
      </object_component>
      <object_component id="oc-1ca">
         <name>.debug_info</name>
         <load_address>0x73da</load_address>
         <run_address>0x73da</run_address>
         <size>0x116</size>
         <input_file_ref idref="fl-25"/>
      </object_component>
      <object_component id="oc-86">
         <name>.debug_info</name>
         <load_address>0x74f0</load_address>
         <run_address>0x74f0</run_address>
         <size>0x13c</size>
         <input_file_ref idref="fl-26"/>
      </object_component>
      <object_component id="oc-9c">
         <name>.debug_info</name>
         <load_address>0x762c</load_address>
         <run_address>0x762c</run_address>
         <size>0x1ae</size>
         <input_file_ref idref="fl-27"/>
      </object_component>
      <object_component id="oc-1b">
         <name>.debug_info</name>
         <load_address>0x77da</load_address>
         <run_address>0x77da</run_address>
         <size>0x1a6</size>
         <input_file_ref idref="fl-29"/>
      </object_component>
      <object_component id="oc-17">
         <name>.debug_info</name>
         <load_address>0x7980</load_address>
         <run_address>0x7980</run_address>
         <size>0x1fb</size>
         <input_file_ref idref="fl-2a"/>
      </object_component>
      <object_component id="oc-d4">
         <name>.debug_info</name>
         <load_address>0x7b7b</load_address>
         <run_address>0x7b7b</run_address>
         <size>0x18d</size>
         <input_file_ref idref="fl-2b"/>
      </object_component>
      <object_component id="oc-90">
         <name>.debug_info</name>
         <load_address>0x7d08</load_address>
         <run_address>0x7d08</run_address>
         <size>0x198</size>
         <input_file_ref idref="fl-2b"/>
      </object_component>
      <object_component id="oc-d7">
         <name>.debug_info</name>
         <load_address>0x7ea0</load_address>
         <run_address>0x7ea0</run_address>
         <size>0xf6</size>
         <input_file_ref idref="fl-2c"/>
      </object_component>
      <object_component id="oc-1df">
         <name>.debug_info</name>
         <load_address>0x7f96</load_address>
         <run_address>0x7f96</run_address>
         <size>0xfa</size>
         <input_file_ref idref="fl-2c"/>
      </object_component>
      <object_component id="oc-13c">
         <name>.debug_info</name>
         <load_address>0x8090</load_address>
         <run_address>0x8090</run_address>
         <size>0x1f2</size>
         <input_file_ref idref="fl-2c"/>
      </object_component>
      <object_component id="oc-8a">
         <name>.debug_info</name>
         <load_address>0x8282</load_address>
         <run_address>0x8282</run_address>
         <size>0x14c</size>
         <input_file_ref idref="fl-2d"/>
      </object_component>
      <object_component id="oc-236">
         <name>.debug_info</name>
         <load_address>0x83ce</load_address>
         <run_address>0x83ce</run_address>
         <size>0x116</size>
         <input_file_ref idref="fl-2f"/>
      </object_component>
      <object_component id="oc-45">
         <name>.debug_info</name>
         <load_address>0x84e4</load_address>
         <run_address>0x84e4</run_address>
         <size>0x18a</size>
         <input_file_ref idref="fl-31"/>
      </object_component>
      <object_component id="oc-df">
         <name>.debug_info</name>
         <load_address>0x866e</load_address>
         <run_address>0x866e</run_address>
         <size>0x136</size>
         <input_file_ref idref="fl-32"/>
      </object_component>
      <object_component id="oc-2e9">
         <name>.debug_info</name>
         <load_address>0x87a4</load_address>
         <run_address>0x87a4</run_address>
         <size>0xae</size>
      </object_component>
      <object_component id="oc-103">
         <name>.debug_line</name>
         <load_address>0x0</load_address>
         <run_address>0x0</run_address>
         <size>0x49</size>
         <input_file_ref idref="fl-2"/>
      </object_component>
      <object_component id="oc-223">
         <name>.debug_line</name>
         <load_address>0x49</load_address>
         <run_address>0x49</run_address>
         <size>0x68</size>
         <input_file_ref idref="fl-2"/>
      </object_component>
      <object_component id="oc-110">
         <name>.debug_line</name>
         <load_address>0xb1</load_address>
         <run_address>0xb1</run_address>
         <size>0x48</size>
         <input_file_ref idref="fl-3"/>
      </object_component>
      <object_component id="oc-1a7">
         <name>.debug_line</name>
         <load_address>0xf9</load_address>
         <run_address>0xf9</run_address>
         <size>0x41</size>
         <input_file_ref idref="fl-3"/>
      </object_component>
      <object_component id="oc-228">
         <name>.debug_line</name>
         <load_address>0x13a</load_address>
         <run_address>0x13a</run_address>
         <size>0x21</size>
         <input_file_ref idref="fl-3"/>
      </object_component>
      <object_component id="oc-116">
         <name>.debug_line</name>
         <load_address>0x15b</load_address>
         <run_address>0x15b</run_address>
         <size>0x4f</size>
         <input_file_ref idref="fl-4"/>
      </object_component>
      <object_component id="oc-22b">
         <name>.debug_line</name>
         <load_address>0x1aa</load_address>
         <run_address>0x1aa</run_address>
         <size>0x21</size>
         <input_file_ref idref="fl-4"/>
      </object_component>
      <object_component id="oc-12f">
         <name>.debug_line</name>
         <load_address>0x1cb</load_address>
         <run_address>0x1cb</run_address>
         <size>0x53</size>
         <input_file_ref idref="fl-5"/>
      </object_component>
      <object_component id="oc-23d">
         <name>.debug_line</name>
         <load_address>0x21e</load_address>
         <run_address>0x21e</run_address>
         <size>0x21</size>
         <input_file_ref idref="fl-5"/>
      </object_component>
      <object_component id="oc-1da">
         <name>.debug_line</name>
         <load_address>0x23f</load_address>
         <run_address>0x23f</run_address>
         <size>0x3e</size>
         <input_file_ref idref="fl-6"/>
      </object_component>
      <object_component id="oc-1bd">
         <name>.debug_line</name>
         <load_address>0x27d</load_address>
         <run_address>0x27d</run_address>
         <size>0x7e</size>
         <input_file_ref idref="fl-6"/>
      </object_component>
      <object_component id="oc-125">
         <name>.debug_line</name>
         <load_address>0x2fb</load_address>
         <run_address>0x2fb</run_address>
         <size>0x85</size>
         <input_file_ref idref="fl-6"/>
      </object_component>
      <object_component id="oc-cf">
         <name>.debug_line</name>
         <load_address>0x380</load_address>
         <run_address>0x380</run_address>
         <size>0x88</size>
         <input_file_ref idref="fl-6"/>
      </object_component>
      <object_component id="oc-1dc">
         <name>.debug_line</name>
         <load_address>0x408</load_address>
         <run_address>0x408</run_address>
         <size>0x1c2</size>
         <input_file_ref idref="fl-6"/>
      </object_component>
      <object_component id="oc-119">
         <name>.debug_line</name>
         <load_address>0x5ca</load_address>
         <run_address>0x5ca</run_address>
         <size>0x65</size>
         <input_file_ref idref="fl-7"/>
      </object_component>
      <object_component id="oc-11f">
         <name>.debug_line</name>
         <load_address>0x62f</load_address>
         <run_address>0x62f</run_address>
         <size>0x7c</size>
         <input_file_ref idref="fl-7"/>
      </object_component>
      <object_component id="oc-22f">
         <name>.debug_line</name>
         <load_address>0x6ab</load_address>
         <run_address>0x6ab</run_address>
         <size>0x39</size>
         <input_file_ref idref="fl-7"/>
      </object_component>
      <object_component id="oc-182">
         <name>.debug_line</name>
         <load_address>0x6e4</load_address>
         <run_address>0x6e4</run_address>
         <size>0x83</size>
         <input_file_ref idref="fl-8"/>
      </object_component>
      <object_component id="oc-173">
         <name>.debug_line</name>
         <load_address>0x767</load_address>
         <run_address>0x767</run_address>
         <size>0x82</size>
         <input_file_ref idref="fl-8"/>
      </object_component>
      <object_component id="oc-20d">
         <name>.debug_line</name>
         <load_address>0x7e9</load_address>
         <run_address>0x7e9</run_address>
         <size>0x84</size>
         <input_file_ref idref="fl-8"/>
      </object_component>
      <object_component id="oc-15a">
         <name>.debug_line</name>
         <load_address>0x86d</load_address>
         <run_address>0x86d</run_address>
         <size>0x82</size>
         <input_file_ref idref="fl-8"/>
      </object_component>
      <object_component id="oc-151">
         <name>.debug_line</name>
         <load_address>0x8ef</load_address>
         <run_address>0x8ef</run_address>
         <size>0x83</size>
         <input_file_ref idref="fl-8"/>
      </object_component>
      <object_component id="oc-187">
         <name>.debug_line</name>
         <load_address>0x972</load_address>
         <run_address>0x972</run_address>
         <size>0x81</size>
         <input_file_ref idref="fl-8"/>
      </object_component>
      <object_component id="oc-f4">
         <name>.debug_line</name>
         <load_address>0x9f3</load_address>
         <run_address>0x9f3</run_address>
         <size>0x5a</size>
         <input_file_ref idref="fl-8"/>
      </object_component>
      <object_component id="oc-179">
         <name>.debug_line</name>
         <load_address>0xa4d</load_address>
         <run_address>0xa4d</run_address>
         <size>0x76</size>
         <input_file_ref idref="fl-8"/>
      </object_component>
      <object_component id="oc-fa">
         <name>.debug_line</name>
         <load_address>0xac3</load_address>
         <run_address>0xac3</run_address>
         <size>0x4f</size>
         <input_file_ref idref="fl-8"/>
      </object_component>
      <object_component id="oc-167">
         <name>.debug_line</name>
         <load_address>0xb12</load_address>
         <run_address>0xb12</run_address>
         <size>0x4d</size>
         <input_file_ref idref="fl-8"/>
      </object_component>
      <object_component id="oc-215">
         <name>.debug_line</name>
         <load_address>0xb5f</load_address>
         <run_address>0xb5f</run_address>
         <size>0x6a</size>
         <input_file_ref idref="fl-8"/>
      </object_component>
      <object_component id="oc-22">
         <name>.debug_line</name>
         <load_address>0xbc9</load_address>
         <run_address>0xbc9</run_address>
         <size>0x55</size>
         <input_file_ref idref="fl-9"/>
      </object_component>
      <object_component id="oc-59">
         <name>.debug_line</name>
         <load_address>0xc1e</load_address>
         <run_address>0xc1e</run_address>
         <size>0x5d</size>
         <input_file_ref idref="fl-9"/>
      </object_component>
      <object_component id="oc-21d">
         <name>.debug_line</name>
         <load_address>0xc7b</load_address>
         <run_address>0xc7b</run_address>
         <size>0x86</size>
         <input_file_ref idref="fl-11"/>
      </object_component>
      <object_component id="oc-198">
         <name>.debug_line</name>
         <load_address>0xd01</load_address>
         <run_address>0xd01</run_address>
         <size>0x90</size>
         <input_file_ref idref="fl-11"/>
      </object_component>
      <object_component id="oc-191">
         <name>.debug_line</name>
         <load_address>0xd91</load_address>
         <run_address>0xd91</run_address>
         <size>0x9f</size>
         <input_file_ref idref="fl-11"/>
      </object_component>
      <object_component id="oc-299">
         <name>.debug_line</name>
         <load_address>0xe30</load_address>
         <run_address>0xe30</run_address>
         <size>0xc0</size>
         <input_file_ref idref="fl-11"/>
      </object_component>
      <object_component id="oc-19e">
         <name>.debug_line</name>
         <load_address>0xef0</load_address>
         <run_address>0xef0</run_address>
         <size>0x8b</size>
         <input_file_ref idref="fl-12"/>
      </object_component>
      <object_component id="oc-108">
         <name>.debug_line</name>
         <load_address>0xf7b</load_address>
         <run_address>0xf7b</run_address>
         <size>0xa6</size>
         <input_file_ref idref="fl-12"/>
      </object_component>
      <object_component id="oc-2b">
         <name>.debug_line</name>
         <load_address>0x1021</load_address>
         <run_address>0x1021</run_address>
         <size>0x91</size>
         <input_file_ref idref="fl-12"/>
      </object_component>
      <object_component id="oc-37">
         <name>.debug_line</name>
         <load_address>0x10b2</load_address>
         <run_address>0x10b2</run_address>
         <size>0x89</size>
         <input_file_ref idref="fl-12"/>
      </object_component>
      <object_component id="oc-3d">
         <name>.debug_line</name>
         <load_address>0x113b</load_address>
         <run_address>0x113b</run_address>
         <size>0x89</size>
         <input_file_ref idref="fl-12"/>
      </object_component>
      <object_component id="oc-31">
         <name>.debug_line</name>
         <load_address>0x11c4</load_address>
         <run_address>0x11c4</run_address>
         <size>0x9f</size>
         <input_file_ref idref="fl-12"/>
      </object_component>
      <object_component id="oc-78">
         <name>.debug_line</name>
         <load_address>0x1263</load_address>
         <run_address>0x1263</run_address>
         <size>0x21</size>
         <input_file_ref idref="fl-12"/>
      </object_component>
      <object_component id="oc-254">
         <name>.debug_line</name>
         <load_address>0x1284</load_address>
         <run_address>0x1284</run_address>
         <size>0x8c</size>
         <input_file_ref idref="fl-13"/>
      </object_component>
      <object_component id="oc-1ef">
         <name>.debug_line</name>
         <load_address>0x1310</load_address>
         <run_address>0x1310</run_address>
         <size>0x88</size>
         <input_file_ref idref="fl-13"/>
      </object_component>
      <object_component id="oc-2a6">
         <name>.debug_line</name>
         <load_address>0x1398</load_address>
         <run_address>0x1398</run_address>
         <size>0x8a</size>
         <input_file_ref idref="fl-13"/>
      </object_component>
      <object_component id="oc-1fd">
         <name>.debug_line</name>
         <load_address>0x1422</load_address>
         <run_address>0x1422</run_address>
         <size>0x92</size>
         <input_file_ref idref="fl-13"/>
      </object_component>
      <object_component id="oc-2ad">
         <name>.debug_line</name>
         <load_address>0x14b4</load_address>
         <run_address>0x14b4</run_address>
         <size>0x85</size>
         <input_file_ref idref="fl-13"/>
      </object_component>
      <object_component id="oc-290">
         <name>.debug_line</name>
         <load_address>0x1539</load_address>
         <run_address>0x1539</run_address>
         <size>0x88</size>
         <input_file_ref idref="fl-13"/>
      </object_component>
      <object_component id="oc-264">
         <name>.debug_line</name>
         <load_address>0x15c1</load_address>
         <run_address>0x15c1</run_address>
         <size>0x88</size>
         <input_file_ref idref="fl-13"/>
      </object_component>
      <object_component id="oc-26c">
         <name>.debug_line</name>
         <load_address>0x1649</load_address>
         <run_address>0x1649</run_address>
         <size>0x88</size>
         <input_file_ref idref="fl-13"/>
      </object_component>
      <object_component id="oc-272">
         <name>.debug_line</name>
         <load_address>0x16d1</load_address>
         <run_address>0x16d1</run_address>
         <size>0x88</size>
         <input_file_ref idref="fl-13"/>
      </object_component>
      <object_component id="oc-28a">
         <name>.debug_line</name>
         <load_address>0x1759</load_address>
         <run_address>0x1759</run_address>
         <size>0x8e</size>
         <input_file_ref idref="fl-13"/>
      </object_component>
      <object_component id="oc-258">
         <name>.debug_line</name>
         <load_address>0x17e7</load_address>
         <run_address>0x17e7</run_address>
         <size>0x88</size>
         <input_file_ref idref="fl-13"/>
      </object_component>
      <object_component id="oc-25e">
         <name>.debug_line</name>
         <load_address>0x186f</load_address>
         <run_address>0x186f</run_address>
         <size>0x88</size>
         <input_file_ref idref="fl-13"/>
      </object_component>
      <object_component id="oc-27c">
         <name>.debug_line</name>
         <load_address>0x18f7</load_address>
         <run_address>0x18f7</run_address>
         <size>0x88</size>
         <input_file_ref idref="fl-13"/>
      </object_component>
      <object_component id="oc-278">
         <name>.debug_line</name>
         <load_address>0x197f</load_address>
         <run_address>0x197f</run_address>
         <size>0x88</size>
         <input_file_ref idref="fl-13"/>
      </object_component>
      <object_component id="oc-284">
         <name>.debug_line</name>
         <load_address>0x1a07</load_address>
         <run_address>0x1a07</run_address>
         <size>0x92</size>
         <input_file_ref idref="fl-13"/>
      </object_component>
      <object_component id="oc-29e">
         <name>.debug_line</name>
         <load_address>0x1a99</load_address>
         <run_address>0x1a99</run_address>
         <size>0xc1</size>
         <input_file_ref idref="fl-13"/>
      </object_component>
      <object_component id="oc-163">
         <name>.debug_line</name>
         <load_address>0x1b5a</load_address>
         <run_address>0x1b5a</run_address>
         <size>0xae</size>
         <input_file_ref idref="fl-13"/>
      </object_component>
      <object_component id="oc-155">
         <name>.debug_line</name>
         <load_address>0x1c08</load_address>
         <run_address>0x1c08</run_address>
         <size>0xf8</size>
         <input_file_ref idref="fl-13"/>
      </object_component>
      <object_component id="oc-246">
         <name>.debug_line</name>
         <load_address>0x1d00</load_address>
         <run_address>0x1d00</run_address>
         <size>0xb3</size>
         <input_file_ref idref="fl-13"/>
      </object_component>
      <object_component id="oc-24c">
         <name>.debug_line</name>
         <load_address>0x1db3</load_address>
         <run_address>0x1db3</run_address>
         <size>0x9b</size>
         <input_file_ref idref="fl-13"/>
      </object_component>
      <object_component id="oc-1f5">
         <name>.debug_line</name>
         <load_address>0x1e4e</load_address>
         <run_address>0x1e4e</run_address>
         <size>0xa1</size>
         <input_file_ref idref="fl-13"/>
      </object_component>
      <object_component id="oc-16e">
         <name>.debug_line</name>
         <load_address>0x1eef</load_address>
         <run_address>0x1eef</run_address>
         <size>0x8f</size>
         <input_file_ref idref="fl-13"/>
      </object_component>
      <object_component id="oc-203">
         <name>.debug_line</name>
         <load_address>0x1f7e</load_address>
         <run_address>0x1f7e</run_address>
         <size>0xe6</size>
         <input_file_ref idref="fl-13"/>
      </object_component>
      <object_component id="oc-294">
         <name>.debug_line</name>
         <load_address>0x2064</load_address>
         <run_address>0x2064</run_address>
         <size>0xc2</size>
         <input_file_ref idref="fl-13"/>
      </object_component>
      <object_component id="oc-75">
         <name>.debug_line</name>
         <load_address>0x2126</load_address>
         <run_address>0x2126</run_address>
         <size>0x4f</size>
         <input_file_ref idref="fl-1f"/>
      </object_component>
      <object_component id="oc-1d0">
         <name>.debug_line</name>
         <load_address>0x2175</load_address>
         <run_address>0x2175</run_address>
         <size>0x4a</size>
         <input_file_ref idref="fl-20"/>
      </object_component>
      <object_component id="oc-1d2">
         <name>.debug_line</name>
         <load_address>0x21bf</load_address>
         <run_address>0x21bf</run_address>
         <size>0x58</size>
         <input_file_ref idref="fl-21"/>
      </object_component>
      <object_component id="oc-1b4">
         <name>.debug_line</name>
         <load_address>0x2217</load_address>
         <run_address>0x2217</run_address>
         <size>0xae</size>
         <input_file_ref idref="fl-22"/>
      </object_component>
      <object_component id="oc-1c2">
         <name>.debug_line</name>
         <load_address>0x22c5</load_address>
         <run_address>0x22c5</run_address>
         <size>0x53</size>
         <input_file_ref idref="fl-23"/>
      </object_component>
      <object_component id="oc-1b0">
         <name>.debug_line</name>
         <load_address>0x2318</load_address>
         <run_address>0x2318</run_address>
         <size>0x5f</size>
         <input_file_ref idref="fl-24"/>
      </object_component>
      <object_component id="oc-1c8">
         <name>.debug_line</name>
         <load_address>0x2377</load_address>
         <run_address>0x2377</run_address>
         <size>0xb4</size>
         <input_file_ref idref="fl-25"/>
      </object_component>
      <object_component id="oc-84">
         <name>.debug_line</name>
         <load_address>0x242b</load_address>
         <run_address>0x242b</run_address>
         <size>0x3f</size>
         <input_file_ref idref="fl-26"/>
      </object_component>
      <object_component id="oc-dc">
         <name>.debug_line</name>
         <load_address>0x246a</load_address>
         <run_address>0x246a</run_address>
         <size>0x21</size>
         <input_file_ref idref="fl-26"/>
      </object_component>
      <object_component id="oc-9f">
         <name>.debug_line</name>
         <load_address>0x248b</load_address>
         <run_address>0x248b</run_address>
         <size>0x74</size>
         <input_file_ref idref="fl-27"/>
      </object_component>
      <object_component id="oc-149">
         <name>.debug_line</name>
         <load_address>0x24ff</load_address>
         <run_address>0x24ff</run_address>
         <size>0x21</size>
         <input_file_ref idref="fl-27"/>
      </object_component>
      <object_component id="oc-1e">
         <name>.debug_line</name>
         <load_address>0x2520</load_address>
         <run_address>0x2520</run_address>
         <size>0x57</size>
         <input_file_ref idref="fl-29"/>
      </object_component>
      <object_component id="oc-66">
         <name>.debug_line</name>
         <load_address>0x2577</load_address>
         <run_address>0x2577</run_address>
         <size>0x21</size>
         <input_file_ref idref="fl-29"/>
      </object_component>
      <object_component id="oc-16">
         <name>.debug_line</name>
         <load_address>0x2598</load_address>
         <run_address>0x2598</run_address>
         <size>0x9a</size>
         <input_file_ref idref="fl-2a"/>
      </object_component>
      <object_component id="oc-61">
         <name>.debug_line</name>
         <load_address>0x2632</load_address>
         <run_address>0x2632</run_address>
         <size>0x21</size>
         <input_file_ref idref="fl-2a"/>
      </object_component>
      <object_component id="oc-139">
         <name>.debug_line</name>
         <load_address>0x2653</load_address>
         <run_address>0x2653</run_address>
         <size>0x2b</size>
         <input_file_ref idref="fl-2b"/>
      </object_component>
      <object_component id="oc-94">
         <name>.debug_line</name>
         <load_address>0x267e</load_address>
         <run_address>0x267e</run_address>
         <size>0x66</size>
         <input_file_ref idref="fl-2b"/>
      </object_component>
      <object_component id="oc-144">
         <name>.debug_line</name>
         <load_address>0x26e4</load_address>
         <run_address>0x26e4</run_address>
         <size>0x21</size>
         <input_file_ref idref="fl-2b"/>
      </object_component>
      <object_component id="oc-141">
         <name>.debug_line</name>
         <load_address>0x2705</load_address>
         <run_address>0x2705</run_address>
         <size>0x2c</size>
         <input_file_ref idref="fl-2c"/>
      </object_component>
      <object_component id="oc-240">
         <name>.debug_line</name>
         <load_address>0x2731</load_address>
         <run_address>0x2731</run_address>
         <size>0x2c</size>
         <input_file_ref idref="fl-2c"/>
      </object_component>
      <object_component id="oc-13f">
         <name>.debug_line</name>
         <load_address>0x275d</load_address>
         <run_address>0x275d</run_address>
         <size>0x5f</size>
         <input_file_ref idref="fl-2c"/>
      </object_component>
      <object_component id="oc-1e3">
         <name>.debug_line</name>
         <load_address>0x27bc</load_address>
         <run_address>0x27bc</run_address>
         <size>0x21</size>
         <input_file_ref idref="fl-2c"/>
      </object_component>
      <object_component id="oc-8d">
         <name>.debug_line</name>
         <load_address>0x27dd</load_address>
         <run_address>0x27dd</run_address>
         <size>0x4e</size>
         <input_file_ref idref="fl-2d"/>
      </object_component>
      <object_component id="oc-136">
         <name>.debug_line</name>
         <load_address>0x282b</load_address>
         <run_address>0x282b</run_address>
         <size>0x30</size>
         <input_file_ref idref="fl-2d"/>
      </object_component>
      <object_component id="oc-239">
         <name>.debug_line</name>
         <load_address>0x285b</load_address>
         <run_address>0x285b</run_address>
         <size>0xc5</size>
         <input_file_ref idref="fl-2f"/>
      </object_component>
      <object_component id="oc-43">
         <name>.debug_line</name>
         <load_address>0x2920</load_address>
         <run_address>0x2920</run_address>
         <size>0x63</size>
         <input_file_ref idref="fl-31"/>
      </object_component>
      <object_component id="oc-7b">
         <name>.debug_line</name>
         <load_address>0x2983</load_address>
         <run_address>0x2983</run_address>
         <size>0x21</size>
         <input_file_ref idref="fl-31"/>
      </object_component>
      <object_component id="oc-e3">
         <name>.debug_line</name>
         <load_address>0x29a4</load_address>
         <run_address>0x29a4</run_address>
         <size>0x3b</size>
         <input_file_ref idref="fl-32"/>
      </object_component>
      <object_component id="oc-1e6">
         <name>.debug_line</name>
         <load_address>0x29df</load_address>
         <run_address>0x29df</run_address>
         <size>0x21</size>
         <input_file_ref idref="fl-32"/>
      </object_component>
      <object_component id="oc-104">
         <name>.debug_frame</name>
         <load_address>0x0</load_address>
         <run_address>0x0</run_address>
         <size>0x44</size>
         <input_file_ref idref="fl-2"/>
      </object_component>
      <object_component id="oc-10c">
         <name>.debug_frame</name>
         <load_address>0x44</load_address>
         <run_address>0x44</run_address>
         <size>0x40</size>
         <input_file_ref idref="fl-3"/>
      </object_component>
      <object_component id="oc-1a4">
         <name>.debug_frame</name>
         <load_address>0x84</load_address>
         <run_address>0x84</run_address>
         <size>0x40</size>
         <input_file_ref idref="fl-3"/>
      </object_component>
      <object_component id="oc-115">
         <name>.debug_frame</name>
         <load_address>0xc4</load_address>
         <run_address>0xc4</run_address>
         <size>0x40</size>
         <input_file_ref idref="fl-4"/>
      </object_component>
      <object_component id="oc-12b">
         <name>.debug_frame</name>
         <load_address>0x104</load_address>
         <run_address>0x104</run_address>
         <size>0x44</size>
         <input_file_ref idref="fl-5"/>
      </object_component>
      <object_component id="oc-1be">
         <name>.debug_frame</name>
         <load_address>0x148</load_address>
         <run_address>0x148</run_address>
         <size>0x44</size>
         <input_file_ref idref="fl-6"/>
      </object_component>
      <object_component id="oc-126">
         <name>.debug_frame</name>
         <load_address>0x18c</load_address>
         <run_address>0x18c</run_address>
         <size>0x44</size>
         <input_file_ref idref="fl-6"/>
      </object_component>
      <object_component id="oc-d0">
         <name>.debug_frame</name>
         <load_address>0x1d0</load_address>
         <run_address>0x1d0</run_address>
         <size>0x4c</size>
[...]
               <size>0x1ec</size>
               <logical_group_ref idref="lg-d"/>
            </allocated_space>
            <allocated_space>
               <start_address>0xafd2</start_address>
               <size>0x18</size>
               <logical_group_ref idref="lg-e"/>
            </allocated_space>
            <available_space>
               <start_address>0xafea</start_address>
               <size>0x1016</size>
            </available_space>
         </usage_details>
      </memory_area>
      <memory_area display="yes" color="green">
         <name>RAMGS0</name>
         <page_id>0x0</page_id>
         <origin>0xc000</origin>
         <length>0x7f8</length>
         <used_space>0x0</used_space>
         <unused_space>0x7f8</unused_space>
         <attributes>RWIX</attributes>
         <usage_details>
         </usage_details>
      </memory_area>
      <memory_area display="yes" color="green">
         <name>FLASH_BANK0_SEC0</name>
         <page_id>0x0</page_id>
         <origin>0x80002</origin>
         <length>0xffe</length>
         <used_space>0x0</used_space>
         <unused_space>0xffe</unused_space>
         <attributes>RWIX</attributes>
         <usage_details>
         </usage_details>
      </memory_area>
      <memory_area display="yes" color="green">
         <name>FLASH_BANK0_SEC1</name>
         <page_id>0x0</page_id>
         <origin>0x81000</origin>
         <length>0x1000</length>
         <used_space>0x0</used_space>
         <unused_space>0x1000</unused_space>
         <attributes>RWIX</attributes>
         <usage_details>
         </usage_details>
      </memory_area>
      <memory_area display="yes" color="green">
         <name>FLASH_BANK0_SEC2</name>
         <page_id>0x0</page_id>
         <origin>0x82000</origin>
         <length>0x1000</length>
         <used_space>0x0</used_space>
         <unused_space>0x1000</unused_space>
         <attributes>RWIX</attributes>
         <usage_details>
         </usage_details>
      </memory_area>
      <memory_area display="yes" color="green">
         <name>FLASH_BANK0_SEC3</name>
         <page_id>0x0</page_id>
         <origin>0x83000</origin>
         <length>0x1000</length>
         <used_space>0x0</used_space>
         <unused_space>0x1000</unused_space>
         <attributes>RWIX</attributes>
         <usage_details>
         </usage_details>
      </memory_area>
      <memory_area display="yes" color="green">
         <name>FLASH_BANK0_SEC4</name>
         <page_id>0x0</page_id>
         <origin>0x84000</origin>
         <length>0x1000</length>
         <used_space>0x0</used_space>
         <unused_space>0x1000</unused_space>
         <attributes>RWIX</attributes>
         <usage_details>
         </usage_details>
      </memory_area>
      <memory_area display="yes" color="green">
         <name>FLASH_BANK0_SEC5</name>
         <page_id>0x0</page_id>
         <origin>0x85000</origin>
         <length>0x1000</length>
         <used_space>0x0</used_space>
         <unused_space>0x1000</unused_space>
         <attributes>RWIX</attributes>
         <usage_details>
         </usage_details>
      </memory_area>
      <memory_area display="yes" color="green">
         <name>FLASH_BANK0_SEC6</name>
         <page_id>0x0</page_id>
         <origin>0x86000</origin>
         <length>0x1000</length>
         <used_space>0x0</used_space>
         <unused_space>0x1000</unused_space>
         <attributes>RWIX</attributes>
         <usage_details>
         </usage_details>
      </memory_area>
      <memory_area display="yes" color="green">
         <name>FLASH_BANK0_SEC7</name>
         <page_id>0x0</page_id>
         <origin>0x87000</origin>
         <length>0x1000</length>
         <used_space>0x0</used_space>
         <unused_space>0x1000</unused_space>
         <attributes>RWIX</attributes>
         <usage_details>
         </usage_details>
      </memory_area>
      <memory_area display="yes" color="green">
         <name>FLASH_BANK0_SEC8</name>
         <page_id>0x0</page_id>
         <origin>0x88000</origin>
         <length>0x1000</length>
         <used_space>0x0</used_space>
         <unused_space>0x1000</unused_space>
         <attributes>RWIX</attributes>
         <usage_details>
         </usage_details>
      </memory_area>
      <memory_area display="yes" color="green">
         <name>FLASH_BANK0_SEC9</name>
         <page_id>0x0</page_id>
         <origin>0x89000</origin>
         <length>0x1000</length>
         <used_space>0x0</used_space>
         <unused_space>0x1000</unused_space>
         <attributes>RWIX</attributes>
         <usage_details>
         </usage_details>
      </memory_area>
      <memory_area display="yes" color="green">
         <name>FLASH_BANK0_SEC10</name>
         <page_id>0x0</page_id>
         <origin>0x8a000</origin>
         <length>0x1000</length>
         <used_space>0x0</used_space>
         <unused_space>0x1000</unused_space>
         <attributes>RWIX</attributes>
         <usage_details>
         </usage_details>
      </memory_area>
      <memory_area display="yes" color="green">
         <name>FLASH_BANK0_SEC11</name>
         <page_id>0x0</page_id>
         <origin>0x8b000</origin>
         <length>0x1000</length>
         <used_space>0x0</used_space>
         <unused_space>0x1000</unused_space>
         <attributes>RWIX</attributes>
         <usage_details>
         </usage_details>
      </memory_area>
      <memory_area display="yes" color="green">
         <name>FLASH_BANK0_SEC12</name>
         <page_id>0x0</page_id>
         <origin>0x8c000</origin>
         <length>0x1000</length>
         <used_space>0x0</used_space>
         <unused_space>0x1000</unused_space>
         <attributes>RWIX</attributes>
         <usage_details>
         </usage_details>
      </memory_area>
      <memory_area display="yes" color="green">
         <name>FLASH_BANK0_SEC13</name>
         <page_id>0x0</page_id>
         <origin>0x8d000</origin>
         <length>0x1000</length>
         <used_space>0x0</used_space>
         <unused_space>0x1000</unused_space>
         <attributes>RWIX</attributes>
         <usage_details>
         </usage_details>
      </memory_area>
      <memory_area display="yes" color="green">
         <name>FLASH_BANK0_SEC14</name>
         <page_id>0x0</page_id>
         <origin>0x8e000</origin>
         <length>0x1000</length>
         <used_space>0x0</used_space>
         <unused_space>0x1000</unused_space>
         <attributes>RWIX</attributes>
         <usage_details>
         </usage_details>
      </memory_area>
      <memory_area display="yes" color="green">
         <name>FLASH_BANK0_SEC15</name>
         <page_id>0x0</page_id>
         <origin>0x8f000</origin>
         <length>0xff8</length>
         <used_space>0x0</used_space>
         <unused_space>0xff8</unused_space>
         <attributes>RWIX</attributes>
         <usage_details>
         </usage_details>
      </memory_area>
      <memory_area display="yes" color="green">
         <name>BOOTROM</name>
         <page_id>0x0</page_id>
         <origin>0x3f0000</origin>
         <length>0x8000</length>
         <used_space>0x0</used_space>
         <unused_space>0x8000</unused_space>
         <attributes>RWIX</attributes>
         <usage_details>
         </usage_details>
      </memory_area>
      <memory_area display="yes" color="green">
         <name>BOOTROM_EXT</name>
         <page_id>0x0</page_id>
         <origin>0x3f8000</origin>
         <length>0x7fc0</length>
         <used_space>0x0</used_space>
         <unused_space>0x7fc0</unused_space>
         <attributes>RWIX</attributes>
         <usage_details>
         </usage_details>
      </memory_area>
      <memory_area display="no" color="green">
         <name>RESET</name>
         <page_id>0x0</page_id>
         <origin>0x3fffc0</origin>
         <length>0x2</length>
         <used_space>0x0</used_space>
         <unused_space>0x2</unused_space>
         <attributes>RWIX</attributes>
         <usage_details>
         </usage_details>
      </memory_area>
   </placement_map>
   <cptbl_list>
      <cptbl>
         <name>__TI_cinit_table</name>
         <cprec>
            <name>.data</name>
            <load_address>0x12c</load_address>
            <load_size>0xf</load_size>
            <run_address>0xafd2</run_address>
            <run_size>0x18</run_size>
            <compression>lzss</compression>
         </cprec>
      </cptbl>
   </cptbl_list>
   <handler_table>
      <handler_table_name>__TI_handler_table</handler_table_name>
      <handler>
         <index>0x0</index>
         <name>__TI_decompress_lzss</name>
      </handler>
      <handler>
         <index>0x1</index>
         <name>__TI_decompress_none</name>
      </handler>
   </handler_table>
   <symbol_table>
      <symbol id="sm-1">
         <name>__TI_CINIT_Base</name>
         <value>0x140</value>
      </symbol>
      <symbol id="sm-2">
         <name>__TI_CINIT_Limit</name>
         <value>0x144</value>
      </symbol>
      <symbol id="sm-3">
         <name>__TI_CINIT_Warm</name>
         <value>0x144</value>
      </symbol>
      <symbol id="sm-4">
         <name>__TI_Handler_Table_Base</name>
         <value>0x13c</value>
      </symbol>
      <symbol id="sm-5">
         <name>__TI_Handler_Table_Limit</name>
         <value>0x140</value>
      </symbol>
      <symbol id="sm-6">
         <name>__TI_STACK_SIZE</name>
         <value>0x200</value>
      </symbol>
      <symbol id="sm-7">
         <name>__TI_STACK_END</name>
         <value>0x600</value>
      </symbol>
      <symbol id="sm-8">
         <name>__TI_pprof_out_hndl</name>
         <value>0xffffffff</value>
      </symbol>
      <symbol id="sm-9">
         <name>__TI_prof_data_start</name>
         <value>0xffffffff</value>
      </symbol>
      <symbol id="sm-a">
         <name>__TI_prof_data_size</name>
         <value>0xffffffff</value>
      </symbol>
      <symbol id="sm-31">
         <name>GPIO_init_output</name>
         <value>0xad50</value>
         <object_component_ref idref="oc-ff"/>
      </symbol>
      <symbol id="sm-45">
         <name>PinMux_init</name>
         <value>0xade3</value>
         <object_component_ref idref="oc-1a2"/>
      </symbol>
      <symbol id="sm-46">
         <name>Board_init</name>
         <value>0xaddb</value>
         <object_component_ref idref="oc-10b"/>
      </symbol>
      <symbol id="sm-53">
         <name>C2000Ware_libraries_init</name>
         <value>0xade2</value>
         <object_component_ref idref="oc-111"/>
      </symbol>
      <symbol id="sm-66">
         <name>set_Delay_time</name>
         <value>0xa949</value>
         <object_component_ref idref="oc-12a"/>
      </symbol>
      <symbol id="sm-98">
         <name>pid_output_2</name>
         <value>0xafd8</value>
         <object_component_ref idref="oc-130"/>
      </symbol>
      <symbol id="sm-99">
         <name>pid_output_1</name>
         <value>0xafd6</value>
         <object_component_ref idref="oc-130"/>
      </symbol>
      <symbol id="sm-9a">
         <name>set</name>
         <value>0xafde</value>
         <object_component_ref idref="oc-130"/>
      </symbol>
      <symbol id="sm-9b">
         <name>voltage_val</name>
         <value>0xafdc</value>
         <object_component_ref idref="oc-130"/>
      </symbol>
      <symbol id="sm-9c">
         <name>main</name>
         <value>0xa310</value>
         <object_component_ref idref="oc-cb"/>
      </symbol>
      <symbol id="sm-9d">
         <name>delay_time</name>
         <value>0xafd4</value>
         <object_component_ref idref="oc-130"/>
      </symbol>
      <symbol id="sm-9e">
         <name>test</name>
         <value>0xafd2</value>
         <object_component_ref idref="oc-130"/>
      </symbol>
      <symbol id="sm-9f">
         <name>current_val</name>
         <value>0xafda</value>
         <object_component_ref idref="oc-130"/>
      </symbol>
      <symbol id="sm-cb">
         <name>pid_compute</name>
         <value>0xa221</value>
         <object_component_ref idref="oc-11e"/>
      </symbol>
      <symbol id="sm-cc">
         <name>pid_init</name>
         <value>0xa3f6</value>
         <object_component_ref idref="oc-118"/>
      </symbol>
      <symbol id="sm-123">
         <name>Device_enableAllPeripherals</name>
         <value>0xa55c</value>
         <object_component_ref idref="oc-178"/>
      </symbol>
      <symbol id="sm-124">
         <name>Device_initGPIO</name>
         <value>0xad32</value>
         <object_component_ref idref="oc-f9"/>
      </symbol>
      <symbol id="sm-125">
         <name>Device_init</name>
         <value>0xa9c4</value>
         <object_component_ref idref="oc-f3"/>
      </symbol>
      <symbol id="sm-126">
         <name>__error__</name>
         <value>0xadd4</value>
         <object_component_ref idref="oc-166"/>
      </symbol>
      <symbol id="sm-135">
         <name>code_start</name>
         <value>0x0</value>
         <object_component_ref idref="oc-21"/>
      </symbol>
      <symbol id="sm-162">
         <name>GPIO_setPadConfig</name>
         <value>0xa7e1</value>
         <object_component_ref idref="oc-18d"/>
      </symbol>
      <symbol id="sm-163">
         <name>GPIO_setDirectionMode</name>
         <value>0xa9fa</value>
         <object_component_ref idref="oc-193"/>
      </symbol>
      <symbol id="sm-19d">
         <name>Interrupt_defaultHandler</name>
         <value>0xac39</value>
         <object_component_ref idref="oc-26"/>
      </symbol>
      <symbol id="sm-19e">
         <name>Interrupt_initModule</name>
         <value>0xa987</value>
         <object_component_ref idref="oc-105"/>
      </symbol>
      <symbol id="sm-19f">
         <name>Interrupt_nmiHandler</name>
         <value>0xada3</value>
         <object_component_ref idref="oc-38"/>
      </symbol>
      <symbol id="sm-1a0">
         <name>Interrupt_initVectorTable</name>
         <value>0xab55</value>
         <object_component_ref idref="oc-2c"/>
      </symbol>
      <symbol id="sm-1a1">
         <name>Interrupt_illegalOperationHandler</name>
         <value>0xad99</value>
         <object_component_ref idref="oc-32"/>
      </symbol>
      <symbol id="sm-2b3">
         <name>SysCtl_isPLLValid</name>
         <value>0xa123</value>
         <object_component_ref idref="oc-1ff"/>
      </symbol>
      <symbol id="sm-2b4">
         <name>SysCtl_delay</name>
         <value>0x128</value>
         <object_component_ref idref="oc-1d6"/>
      </symbol>
      <symbol id="sm-2b5">
         <name>SysCtl_selectXTALSingleEnded</name>
         <value>0xaaad</value>
         <object_component_ref idref="oc-248"/>
      </symbol>
      <symbol id="sm-2b6">
         <name>SysCtl_selectXTAL</name>
         <value>0xa87a</value>
         <object_component_ref idref="oc-242"/>
      </symbol>
      <symbol id="sm-2b7">
         <name>SysCtl_selectOscSource</name>
         <value>0xa833</value>
         <object_component_ref idref="oc-1f3"/>
      </symbol>
      <symbol id="sm-2b8">
         <name>SysCtl_getLowSpeedClock</name>
         <value>0xabab</value>
         <object_component_ref idref="oc-16c"/>
      </symbol>
      <symbol id="sm-2b9">
         <name>SysCtl_setClock</name>
         <value>0xa000</value>
         <object_component_ref idref="oc-153"/>
      </symbol>
      <symbol id="sm-2ba">
         <name>SysCtl_getClock</name>
         <value>0xa77c</value>
         <object_component_ref idref="oc-15f"/>
      </symbol>
      <symbol id="sm-2c4">
         <name>_c_int00</name>
         <value>0xac0c</value>
         <object_component_ref idref="oc-71"/>
      </symbol>
      <symbol id="sm-2c5">
         <name>__stack</name>
         <value>0x400</value>
         <object_component_ref idref="oc-3e"/>
      </symbol>
      <symbol id="sm-2cd">
         <name>__c28xabi_subd</name>
         <value>0xad42</value>
         <object_component_ref idref="oc-1cc"/>
      </symbol>
      <symbol id="sm-2d8">
         <name>__c28xabi_dtoul</name>
         <value>0xab90</value>
         <object_component_ref idref="oc-1d1"/>
      </symbol>
      <symbol id="sm-2e5">
         <name>__c28xabi_divf</name>
         <value>0xa681</value>
         <object_component_ref idref="oc-1b3"/>
      </symbol>
      <symbol id="sm-2f2">
         <name>__c28xabi_ultod</name>
         <value>0xac4f</value>
         <object_component_ref idref="oc-1c1"/>
      </symbol>
      <symbol id="sm-2fe">
         <name>__c28xabi_dtof</name>
         <value>0xaaf6</value>
         <object_component_ref idref="oc-1ac"/>
      </symbol>
      <symbol id="sm-311">
         <name>__c28xabi_divd</name>
         <value>0xa5f6</value>
         <object_component_ref idref="oc-1c7"/>
      </symbol>
      <symbol id="sm-31e">
         <name>_system_pre_init</name>
         <value>0xade0</value>
         <object_component_ref idref="oc-82"/>
      </symbol>
      <symbol id="sm-32d">
         <name>__TI_auto_init_nobinit_nopinit</name>
         <value>0xaa59</value>
         <object_component_ref idref="oc-9b"/>
      </symbol>
      <symbol id="sm-33b">
         <name>__TI_decompress_none</name>
         <value>0xadb6</value>
         <object_component_ref idref="oc-1a"/>
      </symbol>
      <symbol id="sm-34f">
         <name>__TI_decompress_lzss</name>
         <value>0xaa2b</value>
         <object_component_ref idref="oc-14"/>
      </symbol>
      <symbol id="sm-365">
         <name>C$$EXIT</name>
         <value>0xaa84</value>
         <object_component_ref idref="oc-8f"/>
      </symbol>
      <symbol id="sm-366">
         <name>abort</name>
         <value>0xaa84</value>
         <object_component_ref idref="oc-8f"/>
      </symbol>
      <symbol id="sm-367">
         <name>exit</name>
         <value>0xaa86</value>
         <object_component_ref idref="oc-8f"/>
      </symbol>
      <symbol id="sm-368">
         <name>__TI_dtors_ptr</name>
         <value>0xafe4</value>
         <object_component_ref idref="oc-d3"/>
      </symbol>
      <symbol id="sm-369">
         <name>__TI_cleanup_ptr</name>
         <value>0xafe2</value>
         <object_component_ref idref="oc-d3"/>
      </symbol>
      <symbol id="sm-36a">
         <name>__TI_enable_exit_profile_output</name>
         <value>0xafe0</value>
         <object_component_ref idref="oc-d3"/>
      </symbol>
      <symbol id="sm-381">
         <name>_nop</name>
         <value>0xadb5</value>
         <object_component_ref idref="oc-13a"/>
      </symbol>
      <symbol id="sm-382">
         <name>_lock</name>
         <value>0xafe6</value>
         <object_component_ref idref="oc-d6"/>
      </symbol>
      <symbol id="sm-383">
         <name>_unlock</name>
         <value>0xafe8</value>
         <object_component_ref idref="oc-1de"/>
      </symbol>
      <symbol id="sm-384">
         <name>_register_lock</name>
         <value>0xadb1</value>
         <object_component_ref idref="oc-13a"/>
      </symbol>
      <symbol id="sm-385">
         <name>_register_unlock</name>
         <value>0xadad</value>
         <object_component_ref idref="oc-13a"/>
      </symbol>
      <symbol id="sm-394">
         <name>_args_main</name>
         <value>0xad77</value>
         <object_component_ref idref="oc-89"/>
      </symbol>
      <symbol id="sm-3ac">
         <name>__c28xabi_addd</name>
         <value>0xa4c0</value>
         <object_component_ref idref="oc-235"/>
      </symbol>
      <symbol id="sm-3bf">
         <name>memcpy</name>
         <value>0xab73</value>
         <object_component_ref idref="oc-41"/>
      </symbol>
      <symbol id="sm-3cc">
         <name>_system_post_cinit</name>
         <value>0xade4</value>
         <object_component_ref idref="oc-de"/>
      </symbol>
      <symbol id="sm-3ce">
         <name>__c_args__</name>
         <value>0x0</value>
      </symbol>
   </symbol_table>
   <title>Link successful</title>
</link_info>
