******************************************************************************
             TMS320C2000 Linker PC v22.6.2                     
******************************************************************************
>> Linked Wed Sep 10 08:39:39 2025

OUTPUT FILE NAME:   <pid_practice_with_led.out>
ENTRY POINT SYMBOL: "code_start"  address: 00000000


MEMORY CONFIGURATION

         name            origin    length      used     unused   attr    fill
----------------------  --------  ---------  --------  --------  ----  --------
  BEGIN                 00000000   00000002  00000002  00000000  RWIX
  BOOT_RSVD             00000002   00000126  00000000  00000126  RWIX
  RAMM0                 00000128   000002d8  0000001c  000002bc  RWIX
  RAMM1                 00000400   000003f8  00000200  000001f8  RWIX
  RAMLS4567             0000a000   00002000  00000fe9  00001017  RWIX
  RAMGS0                0000c000   000007f8  00000000  000007f8  RWIX
  FLASH_BANK0_SEC0      00080002   00000ffe  00000000  00000ffe  RWIX
  FLASH_BANK0_SEC1      00081000   00001000  00000000  00001000  RWIX
  FLASH_BANK0_SEC2      00082000   00001000  00000000  00001000  RWIX
  FLASH_BANK0_SEC3      00083000   00001000  00000000  00001000  RWIX
  FLASH_BANK0_SEC4      00084000   00001000  00000000  00001000  RWIX
  FLASH_BANK0_SEC5      00085000   00001000  00000000  00001000  RWIX
  FLASH_BANK0_SEC6      00086000   00001000  00000000  00001000  RWIX
  FLASH_BANK0_SEC7      00087000   00001000  00000000  00001000  RWIX
  FLASH_BANK0_SEC8      00088000   00001000  00000000  00001000  RWIX
  FLASH_BANK0_SEC9      00089000   00001000  00000000  00001000  RWIX
  FLASH_BANK0_SEC10     0008a000   00001000  00000000  00001000  RWIX
  FLASH_BANK0_SEC11     0008b000   00001000  00000000  00001000  RWIX
  FLASH_BANK0_SEC12     0008c000   00001000  00000000  00001000  RWIX
  FLASH_BANK0_SEC13     0008d000   00001000  00000000  00001000  RWIX
  FLASH_BANK0_SEC14     0008e000   00001000  00000000  00001000  RWIX
  FLASH_BANK0_SEC15     0008f000   00000ff8  00000000  00000ff8  RWIX
  BOOTROM               003f0000   00008000  00000000  00008000  RWIX
  BOOTROM_EXT           003f8000   00007fc0  00000000  00007fc0  RWIX
  RESET                 003fffc0   00000002  00000000  00000002  RWIX


SECTION ALLOCATION MAP

 output                                  attributes/
section   page    origin      length       input sections
--------  ----  ----------  ----------   ----------------
.TI.ramfunc 
*          0    00000128    00000004     
                  00000128    00000004     driverlib.lib : sysctl.obj (.TI.ramfunc)

.cinit     0    0000012c    00000018     
                  0000012c    0000000f     (.cinit..data.load) [load image, compression = lzss]
                  0000013b    00000001     --HOLE-- [fill = 0]
                  0000013c    00000004     (__TI_handler_table)
                  00000140    00000004     (__TI_cinit_table)

.text      0    0000a000    00000de5     
                  0000a000    00000123     driverlib.lib : sysctl.obj (.text:SysCtl_setClock)
                  0000a123    000000fe                   : sysctl.obj (.text:SysCtl_isPLLValid)
                  0000a221    000000ef     pid.obj (.text:pid_compute)
                  0000a310    000000e6     empty_driverlib_main.obj (.text:main)
                  0000a3f6    000000ca     pid.obj (.text:pid_init)
                  0000a4c0    0000009c     rts2800_fpu32_eabi.lib : fd_add28.asm.obj (.text)
                  0000a55c    0000009a     device.obj (.text:Device_enableAllPeripherals)
                  0000a5f6    0000008b     rts2800_fpu32_eabi.lib : fd_div28.asm.obj (.text)
                  0000a681    00000088                            : fs_div28.asm.obj (.text)
                  0000a709    00000073     driverlib.lib : sysctl.obj (.text:DCC_setCounterSeeds)
                  0000a77c    00000065                   : sysctl.obj (.text:SysCtl_getClock)
                  0000a7e1    00000052                   : gpio.obj (.text:GPIO_setPadConfig)
                  0000a833    00000047                   : sysctl.obj (.text:SysCtl_selectOscSource)
                  0000a87a    00000046                   : sysctl.obj (.text:SysCtl_selectXTAL)
                  0000a8c0    00000045                   : sysctl.obj (.text:SysCtl_pollX1Counter)
                  0000a905    00000044     empty_driverlib_main.obj (.text:GPIO_writePin)
                  0000a949    0000003e     delay_time.obj (.text:set_Delay_time)
                  0000a987    0000003d     driverlib.lib : interrupt.obj (.text:Interrupt_initModule)
                  0000a9c4    00000036     device.obj (.text:Device_init)
                  0000a9fa    00000031     driverlib.lib : gpio.obj (.text:GPIO_setDirectionMode)
                  0000aa2b    0000002e     rts2800_fpu32_eabi.lib : copy_decompress_lzss.c.obj (.text:decompress:lzss)
                  0000aa59    0000002b                            : autoinit.c.obj (.text:__TI_auto_init_nobinit_nopinit)
                  0000aa84    00000029                            : exit.c.obj (.text)
                  0000aaad    00000025     driverlib.lib : sysctl.obj (.text:SysCtl_selectXTALSingleEnded)
                  0000aad2    00000024                   : sysctl.obj (.text:DCC_enableSingleShotMode)
                  0000aaf6    00000023     rts2800_fpu32_eabi.lib : fd_tofsfpu32.asm.obj (.text)
                  0000ab19    0000001e     driverlib.lib : sysctl.obj (.text:DCC_setCounter0ClkSource)
                  0000ab37    0000001e                   : sysctl.obj (.text:DCC_setCounter1ClkSource)
                  0000ab55    0000001e                   : interrupt.obj (.text:Interrupt_initVectorTable)
                  0000ab73    0000001d     rts2800_fpu32_eabi.lib : memcpy.c.obj (.text)
                  0000ab90    0000001b                            : fd_toul28.asm.obj (.text)
                  0000abab    0000001a     driverlib.lib : sysctl.obj (.text:SysCtl_getLowSpeedClock)
                  0000abc5    00000019                   : sysctl.obj (.text:SysCtl_setPLLSysClk)
                  0000abde    00000017     device.obj (.text:SysCtl_enablePeripheral)
                  0000abf5    00000017     driverlib.lib : sysctl.obj (.text:SysCtl_enablePeripheral)
                  0000ac0c    00000017     rts2800_fpu32_eabi.lib : boot28.asm.obj (.text)
                  0000ac23    00000016     driverlib.lib : sysctl.obj (.text:DCC_disableDoneSignal)
                  0000ac39    00000016                   : interrupt.obj (.text:Interrupt_defaultHandler)
                  0000ac4f    00000016     rts2800_fpu32_eabi.lib : ul_tofd28.asm.obj (.text)
                  0000ac65    00000015     driverlib.lib : sysctl.obj (.text:DCC_clearDoneFlag)
                  0000ac7a    00000015                   : sysctl.obj (.text:DCC_clearErrorFlag)
                  0000ac8f    00000015                   : sysctl.obj (.text:DCC_disableErrorSignal)
                  0000aca4    00000015                   : sysctl.obj (.text:DCC_isBaseValid)
                  0000acb9    00000015     device.obj (.text:GPIO_unlockPortConfig)
                  0000acce    00000014     driverlib.lib : sysctl.obj (.text:DCC_disableModule)
                  0000ace2    00000014                   : sysctl.obj (.text:DCC_enableModule)
                  0000acf6    00000014                   : gpio.obj (.text:GPIO_isPinValid)
                  0000ad0a    00000014     empty_driverlib_main.obj (.text:GPIO_isPinValid)
                  0000ad1e    00000014     device.obj (.text:SysCtl_deviceCal)
                  0000ad32    00000010     device.obj (.text:Device_initGPIO)
                  0000ad42    0000000e     rts2800_fpu32_eabi.lib : fd_sub28.asm.obj (.text)
                  0000ad50    0000000d     GPIO_config.obj (.text:GPIO_init_output)
                  0000ad5d    0000000d     driverlib.lib : interrupt.obj (.text:Interrupt_disableGlobal)
                  0000ad6a    0000000d     device.obj (.text:SysCtl_setLowSpeedClock)
                  0000ad77    0000000c     rts2800_fpu32_eabi.lib : args_main.c.obj (.text)
                  0000ad83    0000000b     device.obj (.text:SysCtl_disableWatchdog)
                  0000ad8e    0000000b     driverlib.lib : sysctl.obj (.text:SysCtl_isMCDClockFailureDetected)
                  0000ad99    0000000a                   : interrupt.obj (.text:Interrupt_illegalOperationHandler)
                  0000ada3    0000000a                   : interrupt.obj (.text:Interrupt_nmiHandler)
                  0000adad    00000009     rts2800_fpu32_eabi.lib : _lock.c.obj (.text)
                  0000adb6    00000008                            : copy_decompress_none.c.obj (.text:decompress:none)
                  0000adbe    00000008     f28002x_codestartbranch.obj (.text)
                  0000adc6    00000007     device.obj (.text:ASysCtl_lockVREG)
                  0000adcd    00000007     driverlib.lib : sysctl.obj (.text:SysCtl_resetMCD)
                  0000add4    00000007     device.obj (.text:__error__)
                  0000addb    00000005     board.obj (.text:Board_init)
                  0000ade0    00000002     rts2800_fpu32_eabi.lib : pre_init.c.obj (.text)
                  0000ade2    00000001     c2000ware_libraries.obj (.text:C2000Ware_libraries_init)
                  0000ade3    00000001     board.obj (.text:PinMux_init)
                  0000ade4    00000001     rts2800_fpu32_eabi.lib : startup.c.obj (.text)

.reset     0    003fffc0    00000000     DSECT

codestart 
*          0    00000000    00000002     
                  00000000    00000002     f28002x_codestartbranch.obj (codestart)

.stack     0    00000400    00000200     UNINITIALIZED
                  00000400    00000200     --HOLE--

.init_array 
*          0    00000128    00000000     UNINITIALIZED

.const     0    0000ade6    000001ec     
                  0000ade6    0000009a     driverlib.lib : sysctl.obj (.const:.string)
                  0000ae80    00000098                   : gpio.obj (.const:.string)
                  0000af18    00000059     device.obj (.const:.string)
                  0000af71    00000001     --HOLE-- [fill = 0]
                  0000af72    00000044     empty_driverlib_main.obj (.const:.string)
                  0000afb6    00000010     empty_driverlib_main.obj (.const)
                  0000afc6    0000000c     delay_time.obj (.const)

.data      0    0000afd2    00000018     UNINITIALIZED
                  0000afd2    0000000e     empty_driverlib_main.obj (.data)
                  0000afe0    00000006     rts2800_fpu32_eabi.lib : exit.c.obj (.data)
                  0000afe6    00000002                            : _lock.c.obj (.data:_lock)
                  0000afe8    00000002                            : _lock.c.obj (.data:_unlock)

MODULE SUMMARY

       Module                        code   ro data   rw data
       ------                        ----   -------   -------
    .\
       pid.obj                       441    0         0      
       empty_driverlib_main.obj      318    84        14     
       delay_time.obj                62     12        0      
       GPIO_config.obj               13     0         0      
    +--+-----------------------------+------+---------+---------+
       Total:                        834    96        14     
                                                             
    .\device\
       device.obj                    326    89        0      
       f28002x_codestartbranch.obj   10     0         0      
    +--+-----------------------------+------+---------+---------+
       Total:                        336    89        0      
                                                             
    .\syscfg\
       board.obj                     6      0         0      
       c2000ware_libraries.obj       1      0         0      
    +--+-----------------------------+------+---------+---------+
       Total:                        7      0         0      
                                                             
    C:/ti/c2000/C2000Ware_6_00_00_00/driverlib/f28002x/driverlib/ccs/Debug/driverlib.lib
       sysctl.obj                    1346   154       0      
       gpio.obj                      151    152       0      
       interrupt.obj                 146    0         0      
    +--+-----------------------------+------+---------+---------+
       Total:                        1643   306       0      
                                                             
    C:\ti\ccs2020\ccs\tools\compiler\ti-cgt-c2000_22.6.2.LTS\lib\rts2800_fpu32_eabi.lib
       fd_add28.asm.obj              156    0         0      
       fd_div28.asm.obj              139    0         0      
       fs_div28.asm.obj              136    0         0      
       exit.c.obj                    41     0         6      
       copy_decompress_lzss.c.obj    46     0         0      
       autoinit.c.obj                43     0         0      
       fd_tofsfpu32.asm.obj          35     0         0      
       memcpy.c.obj                  29     0         0      
       fd_toul28.asm.obj             27     0         0      
       boot28.asm.obj                23     0         0      
       ul_tofd28.asm.obj             22     0         0      
       fd_sub28.asm.obj              14     0         0      
       _lock.c.obj                   9      0         4      
       args_main.c.obj               12     0         0      
       copy_decompress_none.c.obj    8      0         0      
       pre_init.c.obj                2      0         0      
       startup.c.obj                 1      0         0      
    +--+-----------------------------+------+---------+---------+
       Total:                        743    0         10     
                                                             
       Stack:                        0      0         512    
       Linker Generated:             0      23        0      
    +--+-----------------------------+------+---------+---------+
       Grand Total:                  3563   514       536    


LINKER GENERATED COPY TABLES

__TI_cinit_table @ 00000140 records: 1, size/record: 4, table size: 4
	.data: load addr=0000012c, load size=0000000f bytes, run addr=0000afd2, run size=00000018 bytes, compression=lzss


LINKER GENERATED HANDLER TABLE

__TI_handler_table @ 0000013c records: 2, size/record: 2, table size: 4
	index: 0, handler: __TI_decompress_lzss
	index: 1, handler: __TI_decompress_none


GLOBAL DATA SYMBOLS: SORTED BY DATA PAGE

address     data page           name
--------    ----------------    ----
00000400      10 (00000400)     __stack

0000afd2     2bf (0000afc0)     test
0000afd4     2bf (0000afc0)     delay_time
0000afd6     2bf (0000afc0)     pid_output_1
0000afd8     2bf (0000afc0)     pid_output_2
0000afda     2bf (0000afc0)     current_val
0000afdc     2bf (0000afc0)     voltage_val
0000afde     2bf (0000afc0)     set
0000afe0     2bf (0000afc0)     __TI_enable_exit_profile_output
0000afe2     2bf (0000afc0)     __TI_cleanup_ptr
0000afe4     2bf (0000afc0)     __TI_dtors_ptr
0000afe6     2bf (0000afc0)     _lock
0000afe8     2bf (0000afc0)     _unlock


GLOBAL SYMBOLS: SORTED ALPHABETICALLY BY Name 

page  address   name                             
----  -------   ----                             
0     0000addb  Board_init                       
0     0000aa84  C$$EXIT                          
0     0000ade2  C2000Ware_libraries_init         
0     0000a55c  Device_enableAllPeripherals      
0     0000a9c4  Device_init                      
0     0000ad32  Device_initGPIO                  
0     0000ad50  GPIO_init_output                 
0     0000a9fa  GPIO_setDirectionMode            
0     0000a7e1  GPIO_setPadConfig                
0     0000ac39  Interrupt_defaultHandler         
0     0000ad99  Interrupt_illegalOperationHandler
0     0000a987  Interrupt_initModule             
0     0000ab55  Interrupt_initVectorTable        
0     0000ada3  Interrupt_nmiHandler             
0     0000ade3  PinMux_init                      
0     00000128  SysCtl_delay                     
0     0000a77c  SysCtl_getClock                  
0     0000abab  SysCtl_getLowSpeedClock          
0     0000a123  SysCtl_isPLLValid                
0     0000a833  SysCtl_selectOscSource           
0     0000a87a  SysCtl_selectXTAL                
0     0000aaad  SysCtl_selectXTALSingleEnded     
0     0000a000  SysCtl_setClock                  
0     00000140  __TI_CINIT_Base                  
0     00000144  __TI_CINIT_Limit                 
0     00000144  __TI_CINIT_Warm                  
0     0000013c  __TI_Handler_Table_Base          
0     00000140  __TI_Handler_Table_Limit         
0     00000600  __TI_STACK_END                   
abs   00000200  __TI_STACK_SIZE                  
0     0000aa59  __TI_auto_init_nobinit_nopinit   
0     0000afe2  __TI_cleanup_ptr                 
0     0000aa2b  __TI_decompress_lzss             
0     0000adb6  __TI_decompress_none             
0     0000afe4  __TI_dtors_ptr                   
0     0000afe0  __TI_enable_exit_profile_output  
abs   ffffffff  __TI_pprof_out_hndl              
abs   ffffffff  __TI_prof_data_size              
abs   ffffffff  __TI_prof_data_start             
0     0000a4c0  __c28xabi_addd                   
0     0000a5f6  __c28xabi_divd                   
0     0000a681  __c28xabi_divf                   
0     0000aaf6  __c28xabi_dtof                   
0     0000ab90  __c28xabi_dtoul                  
0     0000ad42  __c28xabi_subd                   
0     0000ac4f  __c28xabi_ultod                  
n/a   UNDEFED   __c_args__                       
0     0000add4  __error__                        
0     00000400  __stack                          
0     0000ad77  _args_main                       
0     0000ac0c  _c_int00                         
0     0000afe6  _lock                            
0     0000adb5  _nop                             
0     0000adb1  _register_lock                   
0     0000adad  _register_unlock                 
0     0000ade4  _system_post_cinit               
0     0000ade0  _system_pre_init                 
0     0000afe8  _unlock                          
0     0000aa84  abort                            
0     00000000  code_start                       
0     0000afda  current_val                      
0     0000afd4  delay_time                       
0     0000aa86  exit                             
0     0000a310  main                             
0     0000ab73  memcpy                           
0     0000a221  pid_compute                      
0     0000a3f6  pid_init                         
0     0000afd6  pid_output_1                     
0     0000afd8  pid_output_2                     
0     0000afde  set                              
0     0000a949  set_Delay_time                   
0     0000afd2  test                             
0     0000afdc  voltage_val                      


GLOBAL SYMBOLS: SORTED BY Symbol Address 

page  address   name                             
----  -------   ----                             
0     00000000  code_start                       
0     00000128  SysCtl_delay                     
0     0000013c  __TI_Handler_Table_Base          
0     00000140  __TI_CINIT_Base                  
0     00000140  __TI_Handler_Table_Limit         
0     00000144  __TI_CINIT_Limit                 
0     00000144  __TI_CINIT_Warm                  
0     00000400  __stack                          
0     00000600  __TI_STACK_END                   
0     0000a000  SysCtl_setClock                  
0     0000a123  SysCtl_isPLLValid                
0     0000a221  pid_compute                      
0     0000a310  main                             
0     0000a3f6  pid_init                         
0     0000a4c0  __c28xabi_addd                   
0     0000a55c  Device_enableAllPeripherals      
0     0000a5f6  __c28xabi_divd                   
0     0000a681  __c28xabi_divf                   
0     0000a77c  SysCtl_getClock                  
0     0000a7e1  GPIO_setPadConfig                
0     0000a833  SysCtl_selectOscSource           
0     0000a87a  SysCtl_selectXTAL                
0     0000a949  set_Delay_time                   
0     0000a987  Interrupt_initModule             
0     0000a9c4  Device_init                      
0     0000a9fa  GPIO_setDirectionMode            
0     0000aa2b  __TI_decompress_lzss             
0     0000aa59  __TI_auto_init_nobinit_nopinit   
0     0000aa84  C$$EXIT                          
0     0000aa84  abort                            
0     0000aa86  exit                             
0     0000aaad  SysCtl_selectXTALSingleEnded     
0     0000aaf6  __c28xabi_dtof                   
0     0000ab55  Interrupt_initVectorTable        
0     0000ab73  memcpy                           
0     0000ab90  __c28xabi_dtoul                  
0     0000abab  SysCtl_getLowSpeedClock          
0     0000ac0c  _c_int00                         
0     0000ac39  Interrupt_defaultHandler         
0     0000ac4f  __c28xabi_ultod                  
0     0000ad32  Device_initGPIO                  
0     0000ad42  __c28xabi_subd                   
0     0000ad50  GPIO_init_output                 
0     0000ad77  _args_main                       
0     0000ad99  Interrupt_illegalOperationHandler
0     0000ada3  Interrupt_nmiHandler             
0     0000adad  _register_unlock                 
0     0000adb1  _register_lock                   
0     0000adb5  _nop                             
0     0000adb6  __TI_decompress_none             
0     0000add4  __error__                        
0     0000addb  Board_init                       
0     0000ade0  _system_pre_init                 
0     0000ade2  C2000Ware_libraries_init         
0     0000ade3  PinMux_init                      
0     0000ade4  _system_post_cinit               
0     0000afd2  test                             
0     0000afd4  delay_time                       
0     0000afd6  pid_output_1                     
0     0000afd8  pid_output_2                     
0     0000afda  current_val                      
0     0000afdc  voltage_val                      
0     0000afde  set                              
0     0000afe0  __TI_enable_exit_profile_output  
0     0000afe2  __TI_cleanup_ptr                 
0     0000afe4  __TI_dtors_ptr                   
0     0000afe6  _lock                            
0     0000afe8  _unlock                          
abs   00000200  __TI_STACK_SIZE                  
abs   ffffffff  __TI_pprof_out_hndl              
abs   ffffffff  __TI_prof_data_size              
abs   ffffffff  __TI_prof_data_start             
n/a   UNDEFED   __c_args__                       

[73 symbols]
